Archive member included to satisfy reference by file (symbol)

C:/Program Files (x86)/Arm GNU Toolchain arm-none-eabi/13.2 Rel1/bin/../lib/gcc/arm-none-eabi/13.2.1/thumb/v7e-m+fp/hard\libc_nano.a(libc_a-exit.o)
                              C:/Program Files (x86)/Arm GNU Toolchain arm-none-eabi/13.2 Rel1/bin/../lib/gcc/arm-none-eabi/13.2.1/thumb/v7e-m+fp/hard/crt0.o (exit)
C:/Program Files (x86)/Arm GNU Toolchain arm-none-eabi/13.2 Rel1/bin/../lib/gcc/arm-none-eabi/13.2.1/thumb/v7e-m+fp/hard\libc_nano.a(libc_a-findfp.o)
                              C:/Program Files (x86)/Arm GNU Toolchain arm-none-eabi/13.2 Rel1/bin/../lib/gcc/arm-none-eabi/13.2.1/thumb/v7e-m+fp/hard\libc_nano.a(libc_a-exit.o) (__stdio_exit_handler)
C:/Program Files (x86)/Arm GNU Toolchain arm-none-eabi/13.2 Rel1/bin/../lib/gcc/arm-none-eabi/13.2.1/thumb/v7e-m+fp/hard\libc_nano.a(libc_a-fwalk.o)
                              C:/Program Files (x86)/Arm GNU Toolchain arm-none-eabi/13.2 Rel1/bin/../lib/gcc/arm-none-eabi/13.2.1/thumb/v7e-m+fp/hard\libc_nano.a(libc_a-findfp.o) (_fwalk_sglue)
C:/Program Files (x86)/Arm GNU Toolchain arm-none-eabi/13.2 Rel1/bin/../lib/gcc/arm-none-eabi/13.2.1/thumb/v7e-m+fp/hard\libc_nano.a(libc_a-snprintf.o)
                              build/main.o (snprintf)
C:/Program Files (x86)/Arm GNU Toolchain arm-none-eabi/13.2 Rel1/bin/../lib/gcc/arm-none-eabi/13.2.1/thumb/v7e-m+fp/hard\libc_nano.a(libc_a-sprintf.o)
                              build/main.o (sprintf)
C:/Program Files (x86)/Arm GNU Toolchain arm-none-eabi/13.2 Rel1/bin/../lib/gcc/arm-none-eabi/13.2.1/thumb/v7e-m+fp/hard\libc_nano.a(libc_a-stdio.o)
                              C:/Program Files (x86)/Arm GNU Toolchain arm-none-eabi/13.2 Rel1/bin/../lib/gcc/arm-none-eabi/13.2.1/thumb/v7e-m+fp/hard\libc_nano.a(libc_a-findfp.o) (__sread)
C:/Program Files (x86)/Arm GNU Toolchain arm-none-eabi/13.2 Rel1/bin/../lib/gcc/arm-none-eabi/13.2.1/thumb/v7e-m+fp/hard\libc_nano.a(libc_a-memset.o)
                              C:/Program Files (x86)/Arm GNU Toolchain arm-none-eabi/13.2 Rel1/bin/../lib/gcc/arm-none-eabi/13.2.1/thumb/v7e-m+fp/hard/crt0.o (memset)
C:/Program Files (x86)/Arm GNU Toolchain arm-none-eabi/13.2 Rel1/bin/../lib/gcc/arm-none-eabi/13.2.1/thumb/v7e-m+fp/hard\libc_nano.a(libc_a-closer.o)
                              C:/Program Files (x86)/Arm GNU Toolchain arm-none-eabi/13.2 Rel1/bin/../lib/gcc/arm-none-eabi/13.2.1/thumb/v7e-m+fp/hard\libc_nano.a(libc_a-stdio.o) (_close_r)
C:/Program Files (x86)/Arm GNU Toolchain arm-none-eabi/13.2 Rel1/bin/../lib/gcc/arm-none-eabi/13.2.1/thumb/v7e-m+fp/hard\libc_nano.a(libc_a-reent.o)
                              C:/Program Files (x86)/Arm GNU Toolchain arm-none-eabi/13.2 Rel1/bin/../lib/gcc/arm-none-eabi/13.2.1/thumb/v7e-m+fp/hard\libc_nano.a(libc_a-closer.o) (errno)
C:/Program Files (x86)/Arm GNU Toolchain arm-none-eabi/13.2 Rel1/bin/../lib/gcc/arm-none-eabi/13.2.1/thumb/v7e-m+fp/hard\libc_nano.a(libc_a-impure.o)
                              C:/Program Files (x86)/Arm GNU Toolchain arm-none-eabi/13.2 Rel1/bin/../lib/gcc/arm-none-eabi/13.2.1/thumb/v7e-m+fp/hard\libc_nano.a(libc_a-snprintf.o) (_impure_ptr)
C:/Program Files (x86)/Arm GNU Toolchain arm-none-eabi/13.2 Rel1/bin/../lib/gcc/arm-none-eabi/13.2.1/thumb/v7e-m+fp/hard\libc_nano.a(libc_a-lseekr.o)
                              C:/Program Files (x86)/Arm GNU Toolchain arm-none-eabi/13.2 Rel1/bin/../lib/gcc/arm-none-eabi/13.2.1/thumb/v7e-m+fp/hard\libc_nano.a(libc_a-stdio.o) (_lseek_r)
C:/Program Files (x86)/Arm GNU Toolchain arm-none-eabi/13.2 Rel1/bin/../lib/gcc/arm-none-eabi/13.2.1/thumb/v7e-m+fp/hard\libc_nano.a(libc_a-readr.o)
                              C:/Program Files (x86)/Arm GNU Toolchain arm-none-eabi/13.2 Rel1/bin/../lib/gcc/arm-none-eabi/13.2.1/thumb/v7e-m+fp/hard\libc_nano.a(libc_a-stdio.o) (_read_r)
C:/Program Files (x86)/Arm GNU Toolchain arm-none-eabi/13.2 Rel1/bin/../lib/gcc/arm-none-eabi/13.2.1/thumb/v7e-m+fp/hard\libc_nano.a(libc_a-writer.o)
                              C:/Program Files (x86)/Arm GNU Toolchain arm-none-eabi/13.2 Rel1/bin/../lib/gcc/arm-none-eabi/13.2.1/thumb/v7e-m+fp/hard\libc_nano.a(libc_a-stdio.o) (_write_r)
C:/Program Files (x86)/Arm GNU Toolchain arm-none-eabi/13.2 Rel1/bin/../lib/gcc/arm-none-eabi/13.2.1/thumb/v7e-m+fp/hard\libc_nano.a(libc_a-init.o)
                              C:/Program Files (x86)/Arm GNU Toolchain arm-none-eabi/13.2 Rel1/bin/../lib/gcc/arm-none-eabi/13.2.1/thumb/v7e-m+fp/hard/crt0.o (__libc_init_array)
C:/Program Files (x86)/Arm GNU Toolchain arm-none-eabi/13.2 Rel1/bin/../lib/gcc/arm-none-eabi/13.2.1/thumb/v7e-m+fp/hard\libc_nano.a(libc_a-lock.o)
                              C:/Program Files (x86)/Arm GNU Toolchain arm-none-eabi/13.2 Rel1/bin/../lib/gcc/arm-none-eabi/13.2.1/thumb/v7e-m+fp/hard\libc_nano.a(libc_a-findfp.o) (__retarget_lock_init_recursive)
[...]
Memory Configuration

Name             Origin             Length             Attributes
RAM              0x20000000         0x00030000         xrw
CCMRAM           0x10000000         0x00010000         xrw
FLASH            0x08000000         0x00200000         xr
*default*        0x00000000         0xffffffff

Linker script and memory map

LOAD C:/Program Files (x86)/Arm GNU Toolchain arm-none-eabi/13.2 Rel1/bin/../lib/gcc/arm-none-eabi/13.2.1/thumb/v7e-m+fp/hard/crti.o
LOAD C:/Program Files (x86)/Arm GNU Toolchain arm-none-eabi/13.2 Rel1/bin/../lib/gcc/arm-none-eabi/13.2.1/thumb/v7e-m+fp/hard/crtbegin.o
LOAD C:/Program Files (x86)/Arm GNU Toolchain arm-none-eabi/13.2 Rel1/bin/../lib/gcc/arm-none-eabi/13.2.1/thumb/v7e-m+fp/hard/crt0.o
LOAD build/main.o
LOAD build/stm32f4xx_it.o
LOAD build/stm32f4xx_hal_msp.o
LOAD build/mpu6050.o
LOAD build/SEGGER_RTT_printf.o
LOAD build/SEGGER_RTT.o
LOAD build/swo.o
LOAD build/printf.o
LOAD build/stm32f4xx_hal_i2c.o
LOAD build/stm32f4xx_hal_i2c_ex.o
LOAD build/stm32f4xx_hal_rcc.o
LOAD build/stm32f4xx_hal_rcc_ex.o
LOAD build/stm32f4xx_hal_flash.o
LOAD build/stm32f4xx_hal_flash_ex.o
LOAD build/stm32f4xx_hal_flash_ramfunc.o
LOAD build/stm32f4xx_hal_gpio.o
LOAD build/stm32f4xx_hal_dma_ex.o
LOAD build/stm32f4xx_hal_dma.o
LOAD build/stm32f4xx_hal_pwr.o
LOAD build/stm32f4xx_hal_pwr_ex.o
LOAD build/stm32f4xx_hal_cortex.o
LOAD build/stm32f4xx_hal.o
LOAD build/stm32f4xx_hal_exti.o
LOAD build/stm32f4xx_hal_tim.o
LOAD build/stm32f4xx_hal_tim_ex.o
LOAD build/system_stm32f4xx.o
LOAD build/stm32f4xx_hal_uart.o
LOAD build/stm32f4xx_hal_pcd.o
LOAD build/stm32f4xx_hal_pcd_ex.o
LOAD build/stm32f4xx_ll_usb.o
LOAD build/usb_device.o
LOAD build/usbd_desc.o
LOAD build/usbd_cdc_if.o
LOAD build/usbd_conf.o
LOAD build/usbd_core.o
LOAD build/usbd_ctlreq.o
LOAD build/usbd_ioreq.o
LOAD build/usbd_cdc.o
LOAD build/startup_stm32f429xx.o
LOAD C:/Program Files (x86)/Arm GNU Toolchain arm-none-eabi/13.2 Rel1/bin/../lib/gcc/arm-none-eabi/13.2.1/thumb/v7e-m+fp/hard\libc_nano.a
LOAD C:/Program Files (x86)/Arm GNU Toolchain arm-none-eabi/13.2 Rel1/bin/../lib/gcc/arm-none-eabi/13.2.1/thumb/v7e-m+fp/hard\libm.a
LOAD C:/Program Files (x86)/Arm GNU Toolchain arm-none-eabi/13.2 Rel1/bin/../lib/gcc/arm-none-eabi/13.2.1/thumb/v7e-m+fp/hard\libnosys.a
START GROUP
LOAD C:/Program Files (x86)/Arm GNU Toolchain arm-none-eabi/13.2 Rel1/bin/../lib/gcc/arm-none-eabi/13.2.1/thumb/v7e-m+fp/hard\libgcc.a
LOAD C:/Program Files (x86)/Arm GNU Toolchain arm-none-eabi/13.2 Rel1/bin/../lib/gcc/arm-none-eabi/13.2.1/thumb/v7e-m+fp/hard\libc_nano.a
END GROUP
START GROUP
LOAD C:/Program Files (x86)/Arm GNU Toolchain arm-none-eabi/13.2 Rel1/bin/../lib/gcc/arm-none-eabi/13.2.1/thumb/v7e-m+fp/hard\libgcc.a
LOAD C:/Program Files (x86)/Arm GNU Toolchain arm-none-eabi/13.2 Rel1/bin/../lib/gcc/arm-none-eabi/13.2.1/thumb/v7e-m+fp/hard\libc_nano.a
END GROUP
LOAD C:/Program Files (x86)/Arm GNU Toolchain arm-none-eabi/13.2 Rel1/bin/../lib/gcc/arm-none-eabi/13.2.1/thumb/v7e-m+fp/hard/crtend.o
LOAD C:/Program Files (x86)/Arm GNU Toolchain arm-none-eabi/13.2 Rel1/bin/../lib/gcc/arm-none-eabi/13.2.1/thumb/v7e-m+fp/hard/crtn.o
                0x20030000                        _estack = (ORIGIN (RAM) + LENGTH (RAM))
                0x00001000                        _Min_Heap_Size = 0x1000
                0x00000400                        _Min_Stack_Size = 0x400

.isr_vector     0x08000000      0x1ac
                0x08000000                        . = ALIGN (0x4)
 *(.isr_vector)
 .isr_vector    0x08000000      0x1ac build/startup_stm32f429xx.o
                0x08000000                g_pfnVectors
                0x080001ac                        . = ALIGN (0x4)

.text           0x080001b0     0x7ec0
                0x080001b0                        . = ALIGN (0x4)
 *(.text)
 .text          0x080001b0       0xa0 C:/Program Files (x86)/Arm GNU Toolchain arm-none-eabi/13.2 Rel1/bin/../lib/gcc/arm-none-eabi/13.2.1/thumb/v7e-m+fp/hard\libc_nano.a(libc_a-memchr.o)
                0x080001b0                memchr
 .text          0x08000250      0x378 C:/Program Files (x86)/Arm GNU Toolchain arm-none-eabi/13.2 Rel1/bin/../lib/gcc/arm-none-eabi/13.2.1/thumb/v7e-m+fp/hard\libgcc.a(_arm_addsubdf3.o)
                0x08000250                __aeabi_drsub
                0x08000258                __aeabi_dsub
                0x08000258                __subdf3
                0x0800025c                __aeabi_dadd
                0x0800025c                __adddf3
                0x080004d4                __floatunsidf
                0x080004d4                __aeabi_ui2d
                0x080004f4                __floatsidf
                0x080004f4                __aeabi_i2d
                0x08000518                __aeabi_f2d
                0x08000518                __extendsfdf2
                0x0800055c                __floatundidf
                0x0800055c                __aeabi_ul2d
                0x0800056c                __floatdidf
                0x0800056c                __aeabi_l2d
 .text          0x080005c8      0x424 C:/Program Files (x86)/Arm GNU Toolchain arm-none-eabi/13.2 Rel1/bin/../lib/gcc/arm-none-eabi/13.2.1/thumb/v7e-m+fp/hard\libgcc.a(_arm_muldivdf3.o)
                0x080005c8                __aeabi_dmul
                0x080005c8                __muldf3
                0x0800081c                __divdf3
                0x0800081c                __aeabi_ddiv
 .text          0x080009ec       0x30 C:/Program Files (x86)/Arm GNU Toolchain arm-none-eabi/13.2 Rel1/bin/../lib/gcc/arm-none-eabi/13.2.1/thumb/v7e-m+fp/hard\libgcc.a(_aeabi_uldivmod.o)
                0x080009ec                __aeabi_uldivmod
 .text          0x08000a1c        0x4 C:/Program Files (x86)/Arm GNU Toolchain arm-none-eabi/13.2 Rel1/bin/../lib/gcc/arm-none-eabi/13.2.1/thumb/v7e-m+fp/hard\libgcc.a(_dvmd_tls.o)
                0x08000a1c                __aeabi_idiv0
                0x08000a1c                __aeabi_ldiv0
 *(.text*)
 .text.deregister_tm_clones
                0x08000a20       0x1c C:/Program Files (x86)/Arm GNU Toolchain arm-none-eabi/13.2 Rel1/bin/../lib/gcc/arm-none-eabi/13.2.1/thumb/v7e-m+fp/hard/crtbegin.o
 .text.register_tm_clones
                0x08000a3c       0x24 C:/Program Files (x86)/Arm GNU Toolchain arm-none-eabi/13.2 Rel1/bin/../lib/gcc/arm-none-eabi/13.2.1/thumb/v7e-m+fp/hard/crtbegin.o
 .text.__do_global_dtors_aux
                0x08000a60       0x28 C:/Program Files (x86)/Arm GNU Toolchain arm-none-eabi/13.2 Rel1/bin/../lib/gcc/arm-none-eabi/13.2.1/thumb/v7e-m+fp/hard/crtbegin.o
 .text.frame_dummy
                0x08000a88       0x24 C:/Program Files (x86)/Arm GNU Toolchain arm-none-eabi/13.2 Rel1/bin/../lib/gcc/arm-none-eabi/13.2.1/thumb/v7e-m+fp/hard/crtbegin.o
 .text.main     0x08000aac       0x80 build/main.o
                0x08000aac                main
 .text.SystemClock_Config
                0x08000b2c       0xe0 build/main.o
                0x08000b2c                SystemClock_Config
 .text.MX_I2C1_Init
                0x08000c0c       0x80 build/main.o
 .text.MX_USART1_UART_Init
                0x08000c8c       0x54 build/main.o
 .text.MX_GPIO_Init
                0x08000ce0       0xc0 build/main.o
 .text.Error_Handler
                0x08000da0        0xc build/main.o
                0x08000da0                Error_Handler
 .text.NMI_Handler
                0x08000dac        0x8 build/stm32f4xx_it.o
                0x08000dac                NMI_Handler
 .text.HardFault_Handler
                0x08000db4        0x8 build/stm32f4xx_it.o
                0x08000db4                HardFault_Handler
 .text.MemManage_Handler
                0x08000dbc        0x8 build/stm32f4xx_it.o
                0x08000dbc                MemManage_Handler
 .text.BusFault_Handler
                0x08000dc4        0x8 build/stm32f4xx_it.o
                0x08000dc4                BusFault_Handler
 .text.UsageFault_Handler
                0x08000dcc        0x8 build/stm32f4xx_it.o
                0x08000dcc                UsageFault_Handler
 .text.SVC_Handler
                0x08000dd4        0xe build/stm32f4xx_it.o
                0x08000dd4                SVC_Handler
 .text.DebugMon_Handler
                0x08000de2        0xe build/stm32f4xx_it.o
                0x08000de2                DebugMon_Handler
 .text.PendSV_Handler
                0x08000df0        0xe build/stm32f4xx_it.o
                0x08000df0                PendSV_Handler
 .text.SysTick_Handler
                0x08000dfe        0xc build/stm32f4xx_it.o
                0x08000dfe                SysTick_Handler
 *fill*         0x08000e0a        0x2 
 .text.OTG_HS_IRQHandler
                0x08000e0c       0x14 build/stm32f4xx_it.o
                0x08000e0c                OTG_HS_IRQHandler
 .text.HAL_MspInit
                0x08000e20       0x50 build/stm32f4xx_hal_msp.o
                0x08000e20                HAL_MspInit
 .text.HAL_I2C_MspInit
                0x08000e70       0x90 build/stm32f4xx_hal_msp.o
                0x08000e70                HAL_I2C_MspInit
 .text.HAL_UART_MspInit
                0x08000f00       0xd0 build/stm32f4xx_hal_msp.o
                0x08000f00                HAL_UART_MspInit
 .text.checkMPU6050Connection
                0x08000fd0       0x24 build/mpu6050.o
                0x08000fd0                checkMPU6050Connection
 .text.mpu6050_init
                0x08000ff4       0xc6 build/mpu6050.o
                0x08000ff4                mpu6050_init
 *fill*         0x080010ba        0x6 
 .text.mpu6050_readData
                0x080010c0      0x1d4 build/mpu6050.o
                0x080010c0                mpu6050_readData
 .text.HAL_I2C_Init
                0x08001294      0x288 build/stm32f4xx_hal_i2c.o
                0x08001294                HAL_I2C_Init
 .text.HAL_I2C_Mem_Write
                0x0800151c      0x1f4 build/stm32f4xx_hal_i2c.o
                0x0800151c                HAL_I2C_Mem_Write
 .text.HAL_I2C_Mem_Read
                0x08001710      0x464 build/stm32f4xx_hal_i2c.o
                0x08001710                HAL_I2C_Mem_Read
 .text.HAL_I2C_IsDeviceReady
                0x08001b74      0x25c build/stm32f4xx_hal_i2c.o
                0x08001b74                HAL_I2C_IsDeviceReady
 .text.I2C_RequestMemoryWrite
                0x08001dd0      0x12c build/stm32f4xx_hal_i2c.o
 .text.I2C_RequestMemoryRead
                0x08001efc      0x1d0 build/stm32f4xx_hal_i2c.o
 .text.I2C_WaitOnFlagUntilTimeout
                0x080020cc       0xf4 build/stm32f4xx_hal_i2c.o
 .text.I2C_WaitOnMasterAddressFlagUntilTimeout
                0x080021c0      0x140 build/stm32f4xx_hal_i2c.o
 .text.I2C_WaitOnTXEFlagUntilTimeout
                0x08002300       0x90 build/stm32f4xx_hal_i2c.o
 .text.I2C_WaitOnBTFFlagUntilTimeout
                0x08002390       0x90 build/stm32f4xx_hal_i2c.o
 .text.I2C_WaitOnRXNEFlagUntilTimeout
                0x08002420       0xba build/stm32f4xx_hal_i2c.o
 .text.I2C_IsAcknowledgeFailed
                0x080024da       0x5e build/stm32f4xx_hal_i2c.o
 .text.HAL_I2CEx_ConfigAnalogFilter
                0x08002538       0x78 build/stm32f4xx_hal_i2c_ex.o
                0x08002538                HAL_I2CEx_ConfigAnalogFilter
 .text.HAL_I2CEx_ConfigDigitalFilter
                0x080025b0       0x7e build/stm32f4xx_hal_i2c_ex.o
                0x080025b0                HAL_I2CEx_ConfigDigitalFilter
 *fill*         0x0800262e        0x2 
 .text.HAL_RCC_OscConfig
                0x08002630      0x4f0 build/stm32f4xx_hal_rcc.o
                0x08002630                HAL_RCC_OscConfig
 .text.HAL_RCC_ClockConfig
                0x08002b20      0x1cc build/stm32f4xx_hal_rcc.o
                0x08002b20                HAL_RCC_ClockConfig
 .text.HAL_RCC_GetSysClockFreq
                0x08002cec      0x18c build/stm32f4xx_hal_rcc.o
                0x08002cec                HAL_RCC_GetSysClockFreq
 .text.HAL_RCC_GetHCLKFreq
                0x08002e78       0x18 build/stm32f4xx_hal_rcc.o
                0x08002e78                HAL_RCC_GetHCLKFreq
 .text.HAL_RCC_GetPCLK1Freq
                0x08002e90       0x28 build/stm32f4xx_hal_rcc.o
                0x08002e90                HAL_RCC_GetPCLK1Freq
 .text.HAL_RCC_GetPCLK2Freq
                0x08002eb8       0x28 build/stm32f4xx_hal_rcc.o
                0x08002eb8                HAL_RCC_GetPCLK2Freq
 .text.HAL_GPIO_Init
                0x08002ee0      0x358 build/stm32f4xx_hal_gpio.o
                0x08002ee0                HAL_GPIO_Init
 .text.HAL_GPIO_WritePin
                0x08003238       0x32 build/stm32f4xx_hal_gpio.o
                0x08003238                HAL_GPIO_WritePin
 *fill*         0x0800326a        0x2 
 .text.HAL_PWREx_EnableOverDrive
                0x0800326c       0xa0 build/stm32f4xx_hal_pwr_ex.o
                0x0800326c                HAL_PWREx_EnableOverDrive
 .text.__NVIC_SetPriorityGrouping
                0x0800330c       0x48 build/stm32f4xx_hal_cortex.o
 .text.__NVIC_GetPriorityGrouping
                0x08003354       0x1c build/stm32f4xx_hal_cortex.o
 .text.__NVIC_SetPriority
                0x08003370       0x54 build/stm32f4xx_hal_cortex.o
 .text.NVIC_EncodePriority
                0x080033c4       0x66 build/stm32f4xx_hal_cortex.o
 *fill*         0x0800342a        0x2 
 .text.SysTick_Config
                0x0800342c       0x44 build/stm32f4xx_hal_cortex.o
 .text.HAL_NVIC_SetPriorityGrouping
                0x08003470       0x16 build/stm32f4xx_hal_cortex.o
                0x08003470                HAL_NVIC_SetPriorityGrouping
 .text.HAL_NVIC_SetPriority
                0x08003486       0x38 build/stm32f4xx_hal_cortex.o
                0x08003486                HAL_NVIC_SetPriority
 .text.HAL_SYSTICK_Config
                0x080034be       0x18 build/stm32f4xx_hal_cortex.o
                0x080034be                HAL_SYSTICK_Config
 *fill*         0x080034d6        0x2 
 .text.HAL_Init
                0x080034d8       0x44 build/stm32f4xx_hal.o
                0x080034d8                HAL_Init
 .text.HAL_InitTick
                0x0800351c       0x60 build/stm32f4xx_hal.o
                0x0800351c                HAL_InitTick
 .text.HAL_IncTick
                0x0800357c       0x28 build/stm32f4xx_hal.o
                0x0800357c                HAL_IncTick
 .text.HAL_GetTick
                0x080035a4       0x18 build/stm32f4xx_hal.o
                0x080035a4                HAL_GetTick
 .text.HAL_Delay
                0x080035bc       0x48 build/stm32f4xx_hal.o
                0x080035bc                HAL_Delay
 .text.SystemInit
                0x08003604       0x24 build/system_stm32f4xx.o
                0x08003604                SystemInit
 .text.HAL_UART_Init
                0x08003628       0xa0 build/stm32f4xx_hal_uart.o
                0x08003628                HAL_UART_Init
 .text.UART_SetConfig
                0x080036c8      0x4e8 build/stm32f4xx_hal_uart.o
 .text.HAL_PCD_IRQHandler
                0x08003bb0      0x942 build/stm32f4xx_hal_pcd.o
                0x08003bb0                HAL_PCD_IRQHandler
 .text.HAL_PCD_SetAddress
                0x080044f2       0x48 build/stm32f4xx_hal_pcd.o
                0x080044f2                HAL_PCD_SetAddress
 .text.HAL_PCD_EP_Open
                0x0800453a       0xd0 build/stm32f4xx_hal_pcd.o
                0x0800453a                HAL_PCD_EP_Open
 .text.HAL_PCD_EP_Receive
                0x0800460a       0x76 build/stm32f4xx_hal_pcd.o
                0x0800460a                HAL_PCD_EP_Receive
 .text.HAL_PCD_EP_Transmit
                0x08004680       0x74 build/stm32f4xx_hal_pcd.o
                0x08004680                HAL_PCD_EP_Transmit
 .text.HAL_PCD_EP_SetStall
                0x080046f4       0xc6 build/stm32f4xx_hal_pcd.o
                0x080046f4                HAL_PCD_EP_SetStall
 .text.HAL_PCD_EP_ClrStall
                0x080047ba       0xac build/stm32f4xx_hal_pcd.o
                0x080047ba                HAL_PCD_EP_ClrStall
 .text.HAL_PCD_EP_Abort
                0x08004866       0x62 build/stm32f4xx_hal_pcd.o
                0x08004866                HAL_PCD_EP_Abort
 .text.PCD_WriteEmptyTxFifo
                0x080048c8      0x118 build/stm32f4xx_hal_pcd.o
 .text.PCD_EP_OutXfrComplete_int
                0x080049e0      0x1d0 build/stm32f4xx_hal_pcd.o
 .text.PCD_EP_OutSetupPacket_int
                0x08004bb0       0x8c build/stm32f4xx_hal_pcd.o
 .text.HAL_PCDEx_LPM_Callback
                0x08004c3c       0x18 build/stm32f4xx_hal_pcd_ex.o
                0x08004c3c                HAL_PCDEx_LPM_Callback
 .text.USB_SetTurnaroundTime
                0x08004c54      0x144 build/stm32f4xx_ll_usb.o
                0x08004c54                USB_SetTurnaroundTime
 .text.USB_FlushTxFifo
                0x08004d98       0x64 build/stm32f4xx_ll_usb.o
                0x08004d98                USB_FlushTxFifo
 .text.USB_GetDevSpeed
                0x08004dfc       0x4a build/stm32f4xx_ll_usb.o
                0x08004dfc                USB_GetDevSpeed
 .text.USB_ActivateEndpoint
                0x08004e46      0x10e build/stm32f4xx_ll_usb.o
                0x08004e46                USB_ActivateEndpoint
 .text.USB_EPStartXfer
                0x08004f54      0x530 build/stm32f4xx_ll_usb.o
                0x08004f54                USB_EPStartXfer
 .text.USB_EPStopXfer
                0x08005484      0x154 build/stm32f4xx_ll_usb.o
                0x08005484                USB_EPStopXfer
 .text.USB_WritePacket
                0x080055d8       0x7c build/stm32f4xx_ll_usb.o
                0x080055d8                USB_WritePacket
 .text.USB_ReadPacket
                0x08005654       0xb0 build/stm32f4xx_ll_usb.o
                0x08005654                USB_ReadPacket
 .text.USB_EPSetStall
                0x08005704       0xdc build/stm32f4xx_ll_usb.o
                0x08005704                USB_EPSetStall
 .text.USB_EPClearStall
                0x080057e0       0xcc build/stm32f4xx_ll_usb.o
                0x080057e0                USB_EPClearStall
 .text.USB_SetDevAddress
                0x080058ac       0x4c build/stm32f4xx_ll_usb.o
                0x080058ac                USB_SetDevAddress
 .text.USB_ReadInterrupts
                0x080058f8       0x26 build/stm32f4xx_ll_usb.o
                0x080058f8                USB_ReadInterrupts
 .text.USB_ReadDevAllOutEpInterrupt
                0x0800591e       0x34 build/stm32f4xx_ll_usb.o
                0x0800591e                USB_ReadDevAllOutEpInterrupt
 .text.USB_ReadDevAllInEpInterrupt
                0x08005952       0x34 build/stm32f4xx_ll_usb.o
                0x08005952                USB_ReadDevAllInEpInterrupt
 .text.USB_ReadDevOutEPInterrupt
                0x08005986       0x3c build/stm32f4xx_ll_usb.o
                0x08005986                USB_ReadDevOutEPInterrupt
 .text.USB_ReadDevInEPInterrupt
                0x080059c2       0x5c build/stm32f4xx_ll_usb.o
                0x080059c2                USB_ReadDevInEPInterrupt
 .text.USB_GetMode
                0x08005a1e       0x1c build/stm32f4xx_ll_usb.o
                0x08005a1e                USB_GetMode
 .text.USB_ActivateSetup
                0x08005a3a       0x46 build/stm32f4xx_ll_usb.o
                0x08005a3a                USB_ActivateSetup
 .text.USB_EP0_OutStart
                0x08005a80       0xbc build/stm32f4xx_ll_usb.o
                0x08005a80                USB_EP0_OutStart
 .text.CDC_Transmit_HS
                0x08005b3c       0x4c build/usbd_cdc_if.o
                0x08005b3c                CDC_Transmit_HS
 .text.HAL_PCD_SetupStageCallback
                0x08005b88       0x24 build/usbd_conf.o
                0x08005b88                HAL_PCD_SetupStageCallback
 .text.HAL_PCD_DataOutStageCallback
                0x08005bac       0x36 build/usbd_conf.o
                0x08005bac                HAL_PCD_DataOutStageCallback
 .text.HAL_PCD_DataInStageCallback
                0x08005be2       0x34 build/usbd_conf.o
                0x08005be2                HAL_PCD_DataInStageCallback
 .text.HAL_PCD_SOFCallback
                0x08005c16       0x1c build/usbd_conf.o
                0x08005c16                HAL_PCD_SOFCallback
 .text.HAL_PCD_ResetCallback
                0x08005c32       0x50 build/usbd_conf.o
                0x08005c32                HAL_PCD_ResetCallback
 *fill*         0x08005c82        0x2 
 .text.HAL_PCD_SuspendCallback
                0x08005c84       0x4c build/usbd_conf.o
                0x08005c84                HAL_PCD_SuspendCallback
 .text.HAL_PCD_ResumeCallback
                0x08005cd0       0x1c build/usbd_conf.o
                0x08005cd0                HAL_PCD_ResumeCallback
 .text.HAL_PCD_ISOOUTIncompleteCallback
                0x08005cec       0x24 build/usbd_conf.o
                0x08005cec                HAL_PCD_ISOOUTIncompleteCallback
 .text.HAL_PCD_ISOINIncompleteCallback
                0x08005d10       0x24 build/usbd_conf.o
                0x08005d10                HAL_PCD_ISOINIncompleteCallback
 .text.HAL_PCD_ConnectCallback
                0x08005d34       0x1c build/usbd_conf.o
                0x08005d34                HAL_PCD_ConnectCallback
 .text.HAL_PCD_DisconnectCallback
                0x08005d50       0x1c build/usbd_conf.o
                0x08005d50                HAL_PCD_DisconnectCallback
 .text.USBD_LL_OpenEP
                0x08005d6c       0x4c build/usbd_conf.o
                0x08005d6c                USBD_LL_OpenEP
 .text.USBD_LL_StallEP
                0x08005db8       0x3e build/usbd_conf.o
                0x08005db8                USBD_LL_StallEP
 .text.USBD_LL_ClearStallEP
                0x08005df6       0x3e build/usbd_conf.o
                0x08005df6                USBD_LL_ClearStallEP
 .text.USBD_LL_IsStallEP
                0x08005e34       0x58 build/usbd_conf.o
                0x08005e34                USBD_LL_IsStallEP
 .text.USBD_LL_SetUSBAddress
                0x08005e8c       0x3e build/usbd_conf.o
                0x08005e8c                USBD_LL_SetUSBAddress
 .text.USBD_LL_Transmit
                0x08005eca       0x42 build/usbd_conf.o
                0x08005eca                USBD_LL_Transmit
 .text.USBD_LL_PrepareReceive
                0x08005f0c       0x42 build/usbd_conf.o
                0x08005f0c                USBD_LL_PrepareReceive
 *fill*         0x08005f4e        0x2 
 .text.USBD_Get_USB_Status
                0x08005f50       0x58 build/usbd_conf.o
                0x08005f50                USBD_Get_USB_Status
 .text.USBD_RunTestMode
                0x08005fa8       0x16 build/usbd_core.o
                0x08005fa8                USBD_RunTestMode
 .text.USBD_SetClassConfig
                0x08005fbe       0x38 build/usbd_core.o
                0x08005fbe                USBD_SetClassConfig
 .text.USBD_ClrClassConfig
                0x08005ff6       0x34 build/usbd_core.o
                0x08005ff6                USBD_ClrClassConfig
 .text.USBD_LL_SetupStage
                0x0800602a       0xaa build/usbd_core.o
                0x0800602a                USBD_LL_SetupStage
 .text.USBD_LL_DataOutStage
                0x080060d4      0x166 build/usbd_core.o
                0x080060d4                USBD_LL_DataOutStage
 .text.USBD_LL_DataInStage
                0x0800623a      0x164 build/usbd_core.o
                0x0800623a                USBD_LL_DataInStage
 .text.USBD_LL_Reset
                0x0800639e       0xa4 build/usbd_core.o
                0x0800639e                USBD_LL_Reset
 .text.USBD_LL_SetSpeed
                0x08006442       0x20 build/usbd_core.o
                0x08006442                USBD_LL_SetSpeed
 .text.USBD_LL_Suspend
                0x08006462       0x38 build/usbd_core.o
                0x08006462                USBD_LL_Suspend
 .text.USBD_LL_Resume
                0x0800649a       0x30 build/usbd_core.o
                0x0800649a                USBD_LL_Resume
 .text.USBD_LL_SOF
                0x080064ca       0x40 build/usbd_core.o
                0x080064ca                USBD_LL_SOF
 .text.USBD_LL_IsoINIncomplete
                0x0800650a       0x64 build/usbd_core.o
                0x0800650a                USBD_LL_IsoINIncomplete
 .text.USBD_LL_IsoOUTIncomplete
                0x0800656e       0x64 build/usbd_core.o
                0x0800656e                USBD_LL_IsoOUTIncomplete
 .text.USBD_LL_DevConnected
                0x080065d2       0x16 build/usbd_core.o
                0x080065d2                USBD_LL_DevConnected
 .text.USBD_LL_DevDisconnected
                0x080065e8       0x46 build/usbd_core.o
                0x080065e8                USBD_LL_DevDisconnected
 .text.USBD_CoreFindIF
                0x0800662e       0x1a build/usbd_core.o
                0x0800662e                USBD_CoreFindIF
 .text.USBD_CoreFindEP
                0x08006648       0x1a build/usbd_core.o
                0x08006648                USBD_CoreFindEP
 .text.SWAPBYTE
                0x08006662       0x3e build/usbd_ctlreq.o
 .text.USBD_StdDevReq
                0x080066a0       0xe4 build/usbd_ctlreq.o
                0x080066a0                USBD_StdDevReq
 .text.USBD_StdItfReq
                0x08006784       0xd8 build/usbd_ctlreq.o
                0x08006784                USBD_StdItfReq
 .text.USBD_StdEPReq
                0x0800685c      0x33a build/usbd_ctlreq.o
                0x0800685c                USBD_StdEPReq
 *fill*         0x08006b96        0x2 
 .text.USBD_GetDescriptor
                0x08006b98      0x2d4 build/usbd_ctlreq.o
 .text.USBD_SetAddress
                0x08006e6c       0x88 build/usbd_ctlreq.o
 .text.USBD_SetConfig
                0x08006ef4      0x154 build/usbd_ctlreq.o
 .text.USBD_GetConfig
                0x08007048       0x6c build/usbd_ctlreq.o
 .text.USBD_GetStatus
                0x080070b4       0x68 build/usbd_ctlreq.o
 .text.USBD_SetFeature
                0x0800711c       0x52 build/usbd_ctlreq.o
 .text.USBD_ClrFeature
                0x0800716e       0x44 build/usbd_ctlreq.o
 .text.USBD_ParseSetupRequest
                0x080071b2       0x74 build/usbd_ctlreq.o
                0x080071b2                USBD_ParseSetupRequest
 .text.USBD_CtlError
                0x08007226       0x22 build/usbd_ctlreq.o
                0x08007226                USBD_CtlError
 .text.USBD_CtlSendData
                0x08007248       0x36 build/usbd_ioreq.o
                0x08007248                USBD_CtlSendData
 .text.USBD_CtlContinueSendData
                0x0800727e       0x22 build/usbd_ioreq.o
                0x0800727e                USBD_CtlContinueSendData
 .text.USBD_CtlContinueRx
                0x080072a0       0x22 build/usbd_ioreq.o
                0x080072a0                USBD_CtlContinueRx
 .text.USBD_CtlSendStatus
                0x080072c2       0x26 build/usbd_ioreq.o
                0x080072c2                USBD_CtlSendStatus
 .text.USBD_CtlReceiveStatus
                0x080072e8       0x26 build/usbd_ioreq.o
                0x080072e8                USBD_CtlReceiveStatus
 .text.USBD_CDC_SetTxBuffer
                0x0800730e       0x44 build/usbd_cdc.o
                0x0800730e                USBD_CDC_SetTxBuffer
 *fill*         0x08007352        0x2 
 .text.USBD_CDC_TransmitPacket
                0x08007354       0x80 build/usbd_cdc.o
                0x08007354                USBD_CDC_TransmitPacket
 .text.Reset_Handler
                0x080073d4       0x50 build/startup_stm32f429xx.o
                0x080073d4                Reset_Handler
 .text.Default_Handler
                0x08007424        0x2 build/startup_stm32f429xx.o
                0x08007424                RTC_Alarm_IRQHandler
                0x08007424                HASH_RNG_IRQHandler
                0x08007424                EXTI2_IRQHandler
                0x08007424                TIM8_CC_IRQHandler
                0x08007424                UART8_IRQHandler
                0x08007424                SPI4_IRQHandler
                0x08007424                TIM1_CC_IRQHandler
                0x08007424                DMA2_Stream5_IRQHandler
                0x08007424                DMA1_Stream5_IRQHandler
                0x08007424                PVD_IRQHandler
                0x08007424                SDIO_IRQHandler
                0x08007424                TAMP_STAMP_IRQHandler
                0x08007424                CAN2_RX1_IRQHandler
                0x08007424                EXTI3_IRQHandler
                0x08007424                TIM8_TRG_COM_TIM14_IRQHandler
                0x08007424                TIM1_UP_TIM10_IRQHandler
                0x08007424                TIM8_UP_TIM13_IRQHandler
                0x08007424                I2C3_ER_IRQHandler
                0x08007424                EXTI0_IRQHandler
                0x08007424                I2C2_EV_IRQHandler
                0x08007424                DMA1_Stream2_IRQHandler
                0x08007424                CAN1_RX0_IRQHandler
                0x08007424                FPU_IRQHandler
                0x08007424                OTG_HS_WKUP_IRQHandler
                0x08007424                LTDC_ER_IRQHandler
                0x08007424                CAN2_SCE_IRQHandler
                0x08007424                DMA2_Stream2_IRQHandler
                0x08007424                SPI1_IRQHandler
                0x08007424                TIM6_DAC_IRQHandler
                0x08007424                TIM1_BRK_TIM9_IRQHandler
                0x08007424                DCMI_IRQHandler
                0x08007424                CAN2_RX0_IRQHandler
                0x08007424                DMA2_Stream3_IRQHandler
                0x08007424                USART6_IRQHandler
                0x08007424                USART3_IRQHandler
                0x08007424                CAN1_RX1_IRQHandler
                0x08007424                UART5_IRQHandler
                0x08007424                DMA2_Stream0_IRQHandler
                0x08007424                TIM4_IRQHandler
                0x08007424                I2C1_EV_IRQHandler
                0x08007424                DMA1_Stream6_IRQHandler
                0x08007424                DMA1_Stream1_IRQHandler
                0x08007424                UART4_IRQHandler
                0x08007424                TIM3_IRQHandler
                0x08007424                RCC_IRQHandler
                0x08007424                TIM8_BRK_TIM12_IRQHandler
                0x08007424                Default_Handler
                0x08007424                EXTI15_10_IRQHandler
                0x08007424                ADC_IRQHandler
                0x08007424                DMA1_Stream7_IRQHandler
                0x08007424                SPI5_IRQHandler
                0x08007424                TIM7_IRQHandler
                0x08007424                CAN2_TX_IRQHandler
                0x08007424                TIM5_IRQHandler
                0x08007424                DMA2_Stream7_IRQHandler
                0x08007424                I2C3_EV_IRQHandler
                0x08007424                EXTI9_5_IRQHandler
                0x08007424                RTC_WKUP_IRQHandler
                0x08007424                LTDC_IRQHandler
                0x08007424                ETH_WKUP_IRQHandler
                0x08007424                SPI2_IRQHandler
                0x08007424                OTG_HS_EP1_IN_IRQHandler
                0x08007424                DMA1_Stream0_IRQHandler
                0x08007424                CAN1_TX_IRQHandler
                0x08007424                EXTI4_IRQHandler
                0x08007424                ETH_IRQHandler
                0x08007424                OTG_HS_EP1_OUT_IRQHandler
                0x08007424                WWDG_IRQHandler
                0x08007424                SPI6_IRQHandler
                0x08007424                TIM2_IRQHandler
                0x08007424                OTG_FS_WKUP_IRQHandler
                0x08007424                TIM1_TRG_COM_TIM11_IRQHandler
                0x08007424                DMA2D_IRQHandler
                0x08007424                EXTI1_IRQHandler
                0x08007424                UART7_IRQHandler
                0x08007424                USART2_IRQHandler
                0x08007424                I2C2_ER_IRQHandler
                0x08007424                DMA2_Stream1_IRQHandler
                0x08007424                CAN1_SCE_IRQHandler
                0x08007424                FLASH_IRQHandler
                0x08007424                DMA2_Stream4_IRQHandler
                0x08007424                USART1_IRQHandler
                0x08007424                OTG_FS_IRQHandler
                0x08007424                SPI3_IRQHandler
                0x08007424                DMA1_Stream4_IRQHandler
                0x08007424                I2C1_ER_IRQHandler
                0x08007424                FMC_IRQHandler
                0x08007424                DMA2_Stream6_IRQHandler
                0x08007424                SAI1_IRQHandler
                0x08007424                DMA1_Stream3_IRQHandler
 *fill*         0x08007426        0x2 
 .text.snprintf
                0x08007428       0x68 C:/Program Files (x86)/Arm GNU Toolchain arm-none-eabi/13.2 Rel1/bin/../lib/gcc/arm-none-eabi/13.2.1/thumb/v7e-m+fp/hard\libc_nano.a(libc_a-snprintf.o)
                0x08007428                sniprintf
                0x08007428                snprintf
 .text.memset   0x08007490       0x10 C:/Program Files (x86)/Arm GNU Toolchain arm-none-eabi/13.2 Rel1/bin/../lib/gcc/arm-none-eabi/13.2.1/thumb/v7e-m+fp/hard\libc_nano.a(libc_a-memset.o)
                0x08007490                memset
 .text.__libc_init_array
                0x080074a0       0x48 C:/Program Files (x86)/Arm GNU Toolchain arm-none-eabi/13.2 Rel1/bin/../lib/gcc/arm-none-eabi/13.2.1/thumb/v7e-m+fp/hard\libc_nano.a(libc_a-init.o)
                0x080074a0                __libc_init_array
 .text.__retarget_lock_acquire_recursive
                0x080074e8        0x2 C:/Program Files (x86)/Arm GNU Toolchain arm-none-eabi/13.2 Rel1/bin/../lib/gcc/arm-none-eabi/13.2.1/thumb/v7e-m+fp/hard\libc_nano.a(libc_a-lock.o)
                0x080074e8                __retarget_lock_acquire_recursive
 .text.__retarget_lock_release_recursive
                0x080074ea        0x2 C:/Program Files (x86)/Arm GNU Toolchain arm-none-eabi/13.2 Rel1/bin/../lib/gcc/arm-none-eabi/13.2.1/thumb/v7e-m+fp/hard\libc_nano.a(libc_a-lock.o)
                0x080074ea                __retarget_lock_release_recursive
 .text.memcpy   0x080074ec       0x1c C:/Program Files (x86)/Arm GNU Toolchain arm-none-eabi/13.2 Rel1/bin/../lib/gcc/arm-none-eabi/13.2.1/thumb/v7e-m+fp/hard\libc_nano.a(libc_a-memcpy-stub.o)
                0x080074ec                memcpy
 .text._free_r  0x08007508       0x94 C:/Program Files (x86)/Arm GNU Toolchain arm-none-eabi/13.2 Rel1/bin/../lib/gcc/arm-none-eabi/13.2.1/thumb/v7e-m+fp/hard\libc_nano.a(libc_a-freer.o)
                0x08007508                _free_r
 .text.sbrk_aligned
                0x0800759c       0x44 C:/Program Files (x86)/Arm GNU Toolchain arm-none-eabi/13.2 Rel1/bin/../lib/gcc/arm-none-eabi/13.2.1/thumb/v7e-m+fp/hard\libc_nano.a(libc_a-mallocr.o)
 .text._malloc_r
                0x080075e0      0x100 C:/Program Files (x86)/Arm GNU Toolchain arm-none-eabi/13.2 Rel1/bin/../lib/gcc/arm-none-eabi/13.2.1/thumb/v7e-m+fp/hard\libc_nano.a(libc_a-mallocr.o)
                0x080075e0                _malloc_r
 .text.__malloc_lock
                0x080076e0        0xc C:/Program Files (x86)/Arm GNU Toolchain arm-none-eabi/13.2 Rel1/bin/../lib/gcc/arm-none-eabi/13.2.1/thumb/v7e-m+fp/hard\libc_nano.a(libc_a-mlock.o)
                0x080076e0                __malloc_lock
 .text.__malloc_unlock
                0x080076ec        0xc C:/Program Files (x86)/Arm GNU Toolchain arm-none-eabi/13.2 Rel1/bin/../lib/gcc/arm-none-eabi/13.2.1/thumb/v7e-m+fp/hard\libc_nano.a(libc_a-mlock.o)
                0x080076ec                __malloc_unlock
 .text.__ssputs_r
                0x080076f8       0xb6 C:/Program Files (x86)/Arm GNU Toolchain arm-none-eabi/13.2 Rel1/bin/../lib/gcc/arm-none-eabi/13.2.1/thumb/v7e-m+fp/hard\libc_nano.a(libc_a-nano-svfprintf.o)
                0x080076f8                __ssputs_r
 *fill*         0x080077ae        0x2 
 .text._svfprintf_r
                0x080077b0      0x1f8 C:/Program Files (x86)/Arm GNU Toolchain arm-none-eabi/13.2 Rel1/bin/../lib/gcc/arm-none-eabi/13.2.1/thumb/v7e-m+fp/hard\libc_nano.a(libc_a-nano-svfprintf.o)
                0x080077b0                _svfiprintf_r
                0x080077b0                _svfprintf_r
 .text._printf_common
                0x080079a8       0xda C:/Program Files (x86)/Arm GNU Toolchain arm-none-eabi/13.2 Rel1/bin/../lib/gcc/arm-none-eabi/13.2.1/thumb/v7e-m+fp/hard\libc_nano.a(libc_a-nano-vfprintf_i.o)
                0x080079a8                _printf_common
 *fill*         0x08007a82        0x2 
 .text._printf_i
                0x08007a84      0x23c C:/Program Files (x86)/Arm GNU Toolchain arm-none-eabi/13.2 Rel1/bin/../lib/gcc/arm-none-eabi/13.2.1/thumb/v7e-m+fp/hard\libc_nano.a(libc_a-nano-vfprintf_i.o)
                0x08007a84                _printf_i
 .text.memmove  0x08007cc0       0x34 C:/Program Files (x86)/Arm GNU Toolchain arm-none-eabi/13.2 Rel1/bin/../lib/gcc/arm-none-eabi/13.2.1/thumb/v7e-m+fp/hard\libc_nano.a(libc_a-memmove.o)
                0x08007cc0                memmove
 .text._sbrk_r  0x08007cf4       0x20 C:/Program Files (x86)/Arm GNU Toolchain arm-none-eabi/13.2 Rel1/bin/../lib/gcc/arm-none-eabi/13.2.1/thumb/v7e-m+fp/hard\libc_nano.a(libc_a-sbrkr.o)
                0x08007cf4                _sbrk_r
 .text._realloc_r
                0x08007d14       0x5c C:/Program Files (x86)/Arm GNU Toolchain arm-none-eabi/13.2 Rel1/bin/../lib/gcc/arm-none-eabi/13.2.1/thumb/v7e-m+fp/hard\libc_nano.a(libc_a-reallocr.o)
                0x08007d14                _realloc_r
 .text._malloc_usable_size_r
                0x08007d70       0x10 C:/Program Files (x86)/Arm GNU Toolchain arm-none-eabi/13.2 Rel1/bin/../lib/gcc/arm-none-eabi/13.2.1/thumb/v7e-m+fp/hard\libc_nano.a(libc_a-msizer.o)
                0x08007d70                _malloc_usable_size_r
 .text._sbrk    0x08007d80       0x1c C:/Program Files (x86)/Arm GNU Toolchain arm-none-eabi/13.2 Rel1/bin/../lib/gcc/arm-none-eabi/13.2.1/thumb/v7e-m+fp/hard\libnosys.a(sbrk.o)
                0x08007d80                _sbrk
 .text.__udivmoddi4
                0x08007d9c      0x2bc C:/Program Files (x86)/Arm GNU Toolchain arm-none-eabi/13.2 Rel1/bin/../lib/gcc/arm-none-eabi/13.2.1/thumb/v7e-m+fp/hard\libgcc.a(_udivmoddi4.o)
                0x08007d9c                __udivmoddi4
 *(.glue_7)
 .glue_7        0x08008058        0x0 linker stubs
 *(.glue_7t)
 .glue_7t       0x08008058        0x0 linker stubs
 *(.eh_frame)
 .eh_frame      0x08008058        0x0 C:/Program Files (x86)/Arm GNU Toolchain arm-none-eabi/13.2 Rel1/bin/../lib/gcc/arm-none-eabi/13.2.1/thumb/v7e-m+fp/hard/crtbegin.o
 *(.init)
 .init          0x08008058        0x4 C:/Program Files (x86)/Arm GNU Toolchain arm-none-eabi/13.2 Rel1/bin/../lib/gcc/arm-none-eabi/13.2.1/thumb/v7e-m+fp/hard/crti.o
                0x08008058                _init
 .init          0x0800805c        0x8 C:/Program Files (x86)/Arm GNU Toolchain arm-none-eabi/13.2 Rel1/bin/../lib/gcc/arm-none-eabi/13.2.1/thumb/v7e-m+fp/hard/crtn.o
 *(.fini)
 .fini          0x08008064        0x4 C:/Program Files (x86)/Arm GNU Toolchain arm-none-eabi/13.2 Rel1/bin/../lib/gcc/arm-none-eabi/13.2.1/thumb/v7e-m+fp/hard/crti.o
                0x08008064                _fini
 .fini          0x08008068        0x8 C:/Program Files (x86)/Arm GNU Toolchain arm-none-eabi/13.2 Rel1/bin/../lib/gcc/arm-none-eabi/13.2.1/thumb/v7e-m+fp/hard/crtn.o
                0x08008070                        . = ALIGN (0x4)
                0x08008070                        _etext = .

.vfp11_veneer   0x08008070        0x0
 .vfp11_veneer  0x08008070        0x0 linker stubs

.v4_bx          0x08008070        0x0
 .v4_bx         0x08008070        0x0 linker stubs

.iplt           0x08008070        0x0
 .iplt          0x08008070        0x0 C:/Program Files (x86)/Arm GNU Toolchain arm-none-eabi/13.2 Rel1/bin/../lib/gcc/arm-none-eabi/13.2.1/thumb/v7e-m+fp/hard/crtbegin.o

.rodata         0x08008070       0x5c
                0x08008070                        . = ALIGN (0x4)
 *(.rodata)
 .rodata        0x08008070       0x10 build/main.o
 *(.rodata*)
 .rodata.AHBPrescTable
                0x08008080       0x10 build/system_stm32f4xx.o
                0x08008080                AHBPrescTable
 .rodata.APBPrescTable
                0x08008090        0x8 build/system_stm32f4xx.o
                0x08008090                APBPrescTable
 .rodata._svfprintf_r.str1.1
                0x08008098       0x33 C:/Program Files (x86)/Arm GNU Toolchain arm-none-eabi/13.2 Rel1/bin/../lib/gcc/arm-none-eabi/13.2.1/thumb/v7e-m+fp/hard\libc_nano.a(libc_a-nano-svfprintf.o)
                                 0x11 (size before relaxing)
 .rodata._printf_i.str1.1
                0x080080cb       0x22 C:/Program Files (x86)/Arm GNU Toolchain arm-none-eabi/13.2 Rel1/bin/../lib/gcc/arm-none-eabi/13.2.1/thumb/v7e-m+fp/hard\libc_nano.a(libc_a-nano-vfprintf_i.o)
                0x080080f0                        . = ALIGN (0x4)
 *fill*         0x080080cb        0x1 

.ARM.extab
 *(.ARM.extab* .gnu.linkonce.armextab.*)

.ARM            0x080080cc        0x8
                0x080080cc                        __exidx_start = .
 *(.ARM.exidx*)
 .ARM.exidx     0x080080cc        0x8 C:/Program Files (x86)/Arm GNU Toolchain arm-none-eabi/13.2 Rel1/bin/../lib/gcc/arm-none-eabi/13.2.1/thumb/v7e-m+fp/hard\libc_nano.a(libc_a-memchr.o)
 .ARM.exidx.text.__udivmoddi4
                0x080080d4        0x0 C:/Program Files (x86)/Arm GNU Toolchain arm-none-eabi/13.2 Rel1/bin/../lib/gcc/arm-none-eabi/13.2.1/thumb/v7e-m+fp/hard\libgcc.a(_udivmoddi4.o)
                                  0x8 (size before relaxing)
                0x080080d4                        __exidx_end = .

.rel.dyn        0x080080d4        0x0
 .rel.iplt      0x080080d4        0x0 C:/Program Files (x86)/Arm GNU Toolchain arm-none-eabi/13.2 Rel1/bin/../lib/gcc/arm-none-eabi/13.2.1/thumb/v7e-m+fp/hard/crtbegin.o

.preinit_array  0x080080d4        0x0
                0x080080d4                        PROVIDE (__preinit_array_start = .)
 *(.preinit_array*)
                0x080080d4                        PROVIDE (__preinit_array_end = .)

.init_array     0x080080d4        0x4
                0x080080d4                        PROVIDE (__init_array_start = .)
 *(SORT_BY_NAME(.init_array.*))
 *(.init_array*)
 .init_array    0x080080d4        0x4 C:/Program Files (x86)/Arm GNU Toolchain arm-none-eabi/13.2 Rel1/bin/../lib/gcc/arm-none-eabi/13.2.1/thumb/v7e-m+fp/hard/crtbegin.o
                0x080080d8                        PROVIDE (__init_array_end = .)

.fini_array     0x080080d8        0x4
                [!provide]                        PROVIDE (__fini_array_start = .)
 *(SORT_BY_NAME(.fini_array.*))
 *(.fini_array*)
 .fini_array    0x080080d8        0x4 C:/Program Files (x86)/Arm GNU Toolchain arm-none-eabi/13.2 Rel1/bin/../lib/gcc/arm-none-eabi/13.2.1/thumb/v7e-m+fp/hard/crtbegin.o
                [!provide]                        PROVIDE (__fini_array_end = .)
                0x080080dc                        _sidata = LOADADDR (.data)

.data           0x20000000       0x60 load address 0x080080dc
                0x20000000                        . = ALIGN (0x4)
                0x20000000                        _sdata = .
 *(.data)
 *(.data*)
 .data.uwTickPrio
                0x20000000        0x4 build/stm32f4xx_hal.o
                0x20000000                uwTickPrio
 .data.uwTickFreq
                0x20000004        0x1 build/stm32f4xx_hal.o
                0x20000004                uwTickFreq
 *fill*         0x20000005        0x3 
 .data.SystemCoreClock
                0x20000008        0x4 build/system_stm32f4xx.o
                0x20000008                SystemCoreClock
 .data.CDCInEpAdd
                0x2000000c        0x1 build/usbd_cdc.o
 *fill*         0x2000000d        0x3 
 .data._impure_ptr
                0x20000010        0x4 C:/Program Files (x86)/Arm GNU Toolchain arm-none-eabi/13.2 Rel1/bin/../lib/gcc/arm-none-eabi/13.2.1/thumb/v7e-m+fp/hard\libc_nano.a(libc_a-impure.o)
                0x20000010                _impure_ptr
 .data._impure_data
                0x20000014       0x4c C:/Program Files (x86)/Arm GNU Toolchain arm-none-eabi/13.2 Rel1/bin/../lib/gcc/arm-none-eabi/13.2.1/thumb/v7e-m+fp/hard\libc_nano.a(libc_a-impure.o)
                0x20000014                _impure_data
                0x20000060                        . = ALIGN (0x4)
                0x20000060                        _edata = .
                0x0800813c                        _siccmram = LOADADDR (.ccmram)

.tm_clone_table
                0x20000060        0x0 load address 0x0800813c
 .tm_clone_table
                0x20000060        0x0 C:/Program Files (x86)/Arm GNU Toolchain arm-none-eabi/13.2 Rel1/bin/../lib/gcc/arm-none-eabi/13.2.1/thumb/v7e-m+fp/hard/crtbegin.o
 .tm_clone_table
                0x20000060        0x0 C:/Program Files (x86)/Arm GNU Toolchain arm-none-eabi/13.2 Rel1/bin/../lib/gcc/arm-none-eabi/13.2.1/thumb/v7e-m+fp/hard/crtend.o

.igot.plt       0x20000060        0x0 load address 0x0800813c
 .igot.plt      0x20000060        0x0 C:/Program Files (x86)/Arm GNU Toolchain arm-none-eabi/13.2 Rel1/bin/../lib/gcc/arm-none-eabi/13.2.1/thumb/v7e-m+fp/hard/crtbegin.o

.ccmram         0x10000000        0x0 load address 0x0800813c
                0x10000000                        . = ALIGN (0x4)
                0x10000000                        _sccmram = .
 *(.ccmram)
 *(.ccmram*)
                0x10000000                        . = ALIGN (0x4)
                0x10000000                        _eccmram = .
                0x10000000                        . = ALIGN (0x4)

.bss            0x20000060      0x9cc
                0x20000060                        _sbss = .
                0x20000060                        __bss_start__ = _sbss
 *(.bss)
 *(.bss*)
 .bss.completed.1
                0x20000060        0x1 C:/Program Files (x86)/Arm GNU Toolchain arm-none-eabi/13.2 Rel1/bin/../lib/gcc/arm-none-eabi/13.2.1/thumb/v7e-m+fp/hard/crtbegin.o
 *fill*         0x20000061        0x3 
 .bss.object.0  0x20000064       0x18 C:/Program Files (x86)/Arm GNU Toolchain arm-none-eabi/13.2 Rel1/bin/../lib/gcc/arm-none-eabi/13.2.1/thumb/v7e-m+fp/hard/crtbegin.o
 .bss.hi2c1     0x2000007c       0x54 build/main.o
                0x2000007c                hi2c1
 .bss.huart1    0x200000d0       0x48 build/main.o
                0x200000d0                huart1
 .bss.uwTick    0x20000118        0x4 build/stm32f4xx_hal.o
                0x20000118                uwTick
 .bss.hUsbDeviceHS
                0x2000011c      0x2dc build/usb_device.o
                0x2000011c                hUsbDeviceHS
 .bss.hpcd_USB_OTG_HS
                0x200003f8      0x4e4 build/usbd_conf.o
                0x200003f8                hpcd_USB_OTG_HS
 .bss.cfgidx.0  0x200008dc        0x1 build/usbd_ctlreq.o
 *fill*         0x200008dd        0x3 
 .bss.__sf      0x200008e0      0x138 C:/Program Files (x86)/Arm GNU Toolchain arm-none-eabi/13.2 Rel1/bin/../lib/gcc/arm-none-eabi/13.2.1/thumb/v7e-m+fp/hard\libc_nano.a(libc_a-findfp.o)
                0x200008e0                __sf
 .bss.errno     0x20000a18        0x4 C:/Program Files (x86)/Arm GNU Toolchain arm-none-eabi/13.2 Rel1/bin/../lib/gcc/arm-none-eabi/13.2.1/thumb/v7e-m+fp/hard\libc_nano.a(libc_a-reent.o)
                0x20000a18                errno
 .bss.__lock___malloc_recursive_mutex
                0x20000a1c        0x1 C:/Program Files (x86)/Arm GNU Toolchain arm-none-eabi/13.2 Rel1/bin/../lib/gcc/arm-none-eabi/13.2.1/thumb/v7e-m+fp/hard\libc_nano.a(libc_a-lock.o)
                0x20000a1c                __lock___malloc_recursive_mutex
 *fill*         0x20000a1d        0x3 
 .bss.__malloc_sbrk_start
                0x20000a20        0x4 C:/Program Files (x86)/Arm GNU Toolchain arm-none-eabi/13.2 Rel1/bin/../lib/gcc/arm-none-eabi/13.2.1/thumb/v7e-m+fp/hard\libc_nano.a(libc_a-mallocr.o)
                0x20000a20                __malloc_sbrk_start
 .bss.__malloc_free_list
                0x20000a24        0x4 C:/Program Files (x86)/Arm GNU Toolchain arm-none-eabi/13.2 Rel1/bin/../lib/gcc/arm-none-eabi/13.2.1/thumb/v7e-m+fp/hard\libc_nano.a(libc_a-mallocr.o)
                0x20000a24                __malloc_free_list
 .bss.heap_end.0
                0x20000a28        0x4 C:/Program Files (x86)/Arm GNU Toolchain arm-none-eabi/13.2 Rel1/bin/../lib/gcc/arm-none-eabi/13.2.1/thumb/v7e-m+fp/hard\libnosys.a(sbrk.o)
 *(COMMON)
                0x20000a2c                        . = ALIGN (0x4)
                0x20000a2c                        _ebss = .
                0x20000a2c                        __bss_end__ = _ebss

._user_heap_stack
                0x20000a2c     0x1404
                0x20000a30                        . = ALIGN (0x8)
 *fill*         0x20000a2c        0x4 
                0x20000a30                        PROVIDE (end = .)
                [!provide]                        PROVIDE (_end = .)
                0x20001a30                        . = (. + _Min_Heap_Size)
 *fill*         0x20000a30     0x1000 
                0x20001e30                        . = (. + _Min_Stack_Size)
 *fill*         0x20001a30      0x400 
                0x20001e30                        . = ALIGN (0x8)

/DISCARD/
 libc.a(*)
 libm.a(*)
 libgcc.a(*)

.ARM.attributes
                0x00000000       0x30
 *(.ARM.attributes)
 .ARM.attributes
                0x00000000       0x22 C:/Program Files (x86)/Arm GNU Toolchain arm-none-eabi/13.2 Rel1/bin/../lib/gcc/arm-none-eabi/13.2.1/thumb/v7e-m+fp/hard/crti.o
 .ARM.attributes
                0x00000022       0x34 C:/Program Files (x86)/Arm GNU Toolchain arm-none-eabi/13.2 Rel1/bin/../lib/gcc/arm-none-eabi/13.2.1/thumb/v7e-m+fp/hard/crtbegin.o
 .ARM.attributes
                0x00000056       0x34 build/main.o
 .ARM.attributes
                0x0000008a       0x34 build/stm32f4xx_it.o
 .ARM.attributes
                0x000000be       0x34 build/stm32f4xx_hal_msp.o
 .ARM.attributes
                0x000000f2       0x34 build/mpu6050.o
 .ARM.attributes
                0x00000126       0x34 build/stm32f4xx_hal_i2c.o
 .ARM.attributes
                0x0000015a       0x34 build/stm32f4xx_hal_i2c_ex.o
 .ARM.attributes
                0x0000018e       0x34 build/stm32f4xx_hal_rcc.o
 .ARM.attributes
                0x000001c2       0x34 build/stm32f4xx_hal_gpio.o
 .ARM.attributes
                0x000001f6       0x34 build/stm32f4xx_hal_pwr_ex.o
 .ARM.attributes
                0x0000022a       0x34 build/stm32f4xx_hal_cortex.o
 .ARM.attributes
                0x0000025e       0x34 build/stm32f4xx_hal.o
 .ARM.attributes
                0x00000292       0x34 build/system_stm32f4xx.o
 .ARM.attributes
                0x000002c6       0x34 build/stm32f4xx_hal_uart.o
 .ARM.attributes
                0x000002fa       0x34 build/stm32f4xx_hal_pcd.o
 .ARM.attributes
                0x0000032e       0x34 build/stm32f4xx_hal_pcd_ex.o
 .ARM.attributes
                0x00000362       0x34 build/stm32f4xx_ll_usb.o
 .ARM.attributes
                0x00000396       0x34 build/usb_device.o
 .ARM.attributes
                0x000003ca       0x34 build/usbd_cdc_if.o
 .ARM.attributes
                0x000003fe       0x34 build/usbd_conf.o
 .ARM.attributes
                0x00000432       0x34 build/usbd_core.o
 .ARM.attributes
                0x00000466       0x34 build/usbd_ctlreq.o
 .ARM.attributes
                0x0000049a       0x34 build/usbd_ioreq.o
 .ARM.attributes
                0x000004ce       0x34 build/usbd_cdc.o
 .ARM.attributes
                0x00000502       0x21 build/startup_stm32f429xx.o
 .ARM.attributes
                0x00000523       0x34 C:/Program Files (x86)/Arm GNU Toolchain arm-none-eabi/13.2 Rel1/bin/../lib/gcc/arm-none-eabi/13.2.1/thumb/v7e-m+fp/hard\libc_nano.a(libc_a-findfp.o)
 .ARM.attributes
                0x00000557       0x34 C:/Program Files (x86)/Arm GNU Toolchain arm-none-eabi/13.2 Rel1/bin/../lib/gcc/arm-none-eabi/13.2.1/thumb/v7e-m+fp/hard\libc_nano.a(libc_a-snprintf.o)
 .ARM.attributes
                0x0000058b       0x34 C:/Program Files (x86)/Arm GNU Toolchain arm-none-eabi/13.2 Rel1/bin/../lib/gcc/arm-none-eabi/13.2.1/thumb/v7e-m+fp/hard\libc_nano.a(libc_a-memset.o)
 .ARM.attributes
                0x000005bf       0x34 C:/Program Files (x86)/Arm GNU Toolchain arm-none-eabi/13.2 Rel1/bin/../lib/gcc/arm-none-eabi/13.2.1/thumb/v7e-m+fp/hard\libc_nano.a(libc_a-reent.o)
 .ARM.attributes
                0x000005f3       0x34 C:/Program Files (x86)/Arm GNU Toolchain arm-none-eabi/13.2 Rel1/bin/../lib/gcc/arm-none-eabi/13.2.1/thumb/v7e-m+fp/hard\libc_nano.a(libc_a-impure.o)
 .ARM.attributes
                0x00000627       0x34 C:/Program Files (x86)/Arm GNU Toolchain arm-none-eabi/13.2 Rel1/bin/../lib/gcc/arm-none-eabi/13.2.1/thumb/v7e-m+fp/hard\libc_nano.a(libc_a-init.o)
 .ARM.attributes
                0x0000065b       0x34 C:/Program Files (x86)/Arm GNU Toolchain arm-none-eabi/13.2 Rel1/bin/../lib/gcc/arm-none-eabi/13.2.1/thumb/v7e-m+fp/hard\libc_nano.a(libc_a-lock.o)
 .ARM.attributes
                0x0000068f       0x34 C:/Program Files (x86)/Arm GNU Toolchain arm-none-eabi/13.2 Rel1/bin/../lib/gcc/arm-none-eabi/13.2.1/thumb/v7e-m+fp/hard\libc_nano.a(libc_a-memcpy-stub.o)
 .ARM.attributes
                0x000006c3       0x34 C:/Program Files (x86)/Arm GNU Toolchain arm-none-eabi/13.2 Rel1/bin/../lib/gcc/arm-none-eabi/13.2.1/thumb/v7e-m+fp/hard\libc_nano.a(libc_a-freer.o)
 .ARM.attributes
                0x000006f7       0x34 C:/Program Files (x86)/Arm GNU Toolchain arm-none-eabi/13.2 Rel1/bin/../lib/gcc/arm-none-eabi/13.2.1/thumb/v7e-m+fp/hard\libc_nano.a(libc_a-mallocr.o)
 .ARM.attributes
                0x0000072b       0x34 C:/Program Files (x86)/Arm GNU Toolchain arm-none-eabi/13.2 Rel1/bin/../lib/gcc/arm-none-eabi/13.2.1/thumb/v7e-m+fp/hard\libc_nano.a(libc_a-mlock.o)
 .ARM.attributes
                0x0000075f       0x34 C:/Program Files (x86)/Arm GNU Toolchain arm-none-eabi/13.2 Rel1/bin/../lib/gcc/arm-none-eabi/13.2.1/thumb/v7e-m+fp/hard\libc_nano.a(libc_a-nano-svfprintf.o)
 .ARM.attributes
                0x00000793       0x34 C:/Program Files (x86)/Arm GNU Toolchain arm-none-eabi/13.2 Rel1/bin/../lib/gcc/arm-none-eabi/13.2.1/thumb/v7e-m+fp/hard\libc_nano.a(libc_a-nano-vfprintf_i.o)
 .ARM.attributes
                0x000007c7       0x34 C:/Program Files (x86)/Arm GNU Toolchain arm-none-eabi/13.2 Rel1/bin/../lib/gcc/arm-none-eabi/13.2.1/thumb/v7e-m+fp/hard\libc_nano.a(libc_a-memmove.o)
 .ARM.attributes
                0x000007fb       0x34 C:/Program Files (x86)/Arm GNU Toolchain arm-none-eabi/13.2 Rel1/bin/../lib/gcc/arm-none-eabi/13.2.1/thumb/v7e-m+fp/hard\libc_nano.a(libc_a-sbrkr.o)
 .ARM.attributes
                0x0000082f       0x1c C:/Program Files (x86)/Arm GNU Toolchain arm-none-eabi/13.2 Rel1/bin/../lib/gcc/arm-none-eabi/13.2.1/thumb/v7e-m+fp/hard\libc_nano.a(libc_a-memchr.o)
 .ARM.attributes
                0x0000084b       0x34 C:/Program Files (x86)/Arm GNU Toolchain arm-none-eabi/13.2 Rel1/bin/../lib/gcc/arm-none-eabi/13.2.1/thumb/v7e-m+fp/hard\libc_nano.a(libc_a-reallocr.o)
 .ARM.attributes
                0x0000087f       0x34 C:/Program Files (x86)/Arm GNU Toolchain arm-none-eabi/13.2 Rel1/bin/../lib/gcc/arm-none-eabi/13.2.1/thumb/v7e-m+fp/hard\libc_nano.a(libc_a-msizer.o)
 .ARM.attributes
                0x000008b3       0x34 C:/Program Files (x86)/Arm GNU Toolchain arm-none-eabi/13.2 Rel1/bin/../lib/gcc/arm-none-eabi/13.2.1/thumb/v7e-m+fp/hard\libnosys.a(sbrk.o)
 .ARM.attributes
                0x000008e7       0x22 C:/Program Files (x86)/Arm GNU Toolchain arm-none-eabi/13.2 Rel1/bin/../lib/gcc/arm-none-eabi/13.2.1/thumb/v7e-m+fp/hard\libgcc.a(_arm_addsubdf3.o)
 .ARM.attributes
                0x00000909       0x22 C:/Program Files (x86)/Arm GNU Toolchain arm-none-eabi/13.2 Rel1/bin/../lib/gcc/arm-none-eabi/13.2.1/thumb/v7e-m+fp/hard\libgcc.a(_arm_muldivdf3.o)
 .ARM.attributes
                0x0000092b       0x22 C:/Program Files (x86)/Arm GNU Toolchain arm-none-eabi/13.2 Rel1/bin/../lib/gcc/arm-none-eabi/13.2.1/thumb/v7e-m+fp/hard\libgcc.a(_aeabi_uldivmod.o)
 .ARM.attributes
                0x0000094d       0x34 C:/Program Files (x86)/Arm GNU Toolchain arm-none-eabi/13.2 Rel1/bin/../lib/gcc/arm-none-eabi/13.2.1/thumb/v7e-m+fp/hard\libgcc.a(_udivmoddi4.o)
 .ARM.attributes
                0x00000981       0x22 C:/Program Files (x86)/Arm GNU Toolchain arm-none-eabi/13.2 Rel1/bin/../lib/gcc/arm-none-eabi/13.2.1/thumb/v7e-m+fp/hard\libgcc.a(_dvmd_tls.o)
 .ARM.attributes
                0x000009a3       0x34 C:/Program Files (x86)/Arm GNU Toolchain arm-none-eabi/13.2 Rel1/bin/../lib/gcc/arm-none-eabi/13.2.1/thumb/v7e-m+fp/hard/crtend.o
 .ARM.attributes
                0x000009d7       0x22 C:/Program Files (x86)/Arm GNU Toolchain arm-none-eabi/13.2 Rel1/bin/../lib/gcc/arm-none-eabi/13.2.1/thumb/v7e-m+fp/hard/crtn.o
OUTPUT(build/mpu6050_test.elf elf32-littlearm)
LOAD linker stubs
LOAD C:/Program Files (x86)/Arm GNU Toolchain arm-none-eabi/13.2 Rel1/bin/../lib/gcc/arm-none-eabi/13.2.1/thumb/v7e-m+fp/hard\libc.a
LOAD C:/Program Files (x86)/Arm GNU Toolchain arm-none-eabi/13.2 Rel1/bin/../lib/gcc/arm-none-eabi/13.2.1/thumb/v7e-m+fp/hard\libm.a
LOAD C:/Program Files (x86)/Arm GNU Toolchain arm-none-eabi/13.2 Rel1/bin/../lib/gcc/arm-none-eabi/13.2.1/thumb/v7e-m+fp/hard\libgcc.a

.debug_info     0x00000000    0x17a8a
 .debug_info    0x00000000     0x1410 build/main.o
 .debug_info    0x00001410      0x71e build/stm32f4xx_it.o
 .debug_info    0x00001b2e      0xe53 build/stm32f4xx_hal_msp.o
 .debug_info    0x00002981      0x999 build/mpu6050.o
 .debug_info    0x0000331a     0x2867 build/stm32f4xx_hal_i2c.o
 .debug_info    0x00005b81      0x74b build/stm32f4xx_hal_i2c_ex.o
 .debug_info    0x000062cc      0xa73 build/stm32f4xx_hal_rcc.o
 .debug_info    0x00006d3f      0x828 build/stm32f4xx_hal_gpio.o
 .debug_info    0x00007567      0x78d build/stm32f4xx_hal_pwr_ex.o
 .debug_info    0x00007cf4      0xf7e build/stm32f4xx_hal_cortex.o
 .debug_info    0x00008c72      0xafc build/stm32f4xx_hal.o
 .debug_info    0x0000976e      0x5c2 build/system_stm32f4xx.o
 .debug_info    0x00009d30     0x330e build/stm32f4xx_hal_uart.o
 .debug_info    0x0000d03e     0x18b3 build/stm32f4xx_hal_pcd.o
 .debug_info    0x0000e8f1      0x7bf build/stm32f4xx_hal_pcd_ex.o
 .debug_info    0x0000f0b0     0x1d2d build/stm32f4xx_ll_usb.o
 .debug_info    0x00010ddd      0x812 build/usb_device.o
 .debug_info    0x000115ef      0xa39 build/usbd_cdc_if.o
 .debug_info    0x00012028     0x2073 build/usbd_conf.o
 .debug_info    0x0001409b     0x102d build/usbd_core.o
 .debug_info    0x000150c8      0xc5e build/usbd_ctlreq.o
 .debug_info    0x00015d26      0x885 build/usbd_ioreq.o
 .debug_info    0x000165ab     0x14af build/usbd_cdc.o
 .debug_info    0x00017a5a       0x30 build/startup_stm32f429xx.o

.debug_abbrev   0x00000000     0x3150
 .debug_abbrev  0x00000000      0x2c7 build/main.o
 .debug_abbrev  0x000002c7      0x179 build/stm32f4xx_it.o
 .debug_abbrev  0x00000440      0x19d build/stm32f4xx_hal_msp.o
 .debug_abbrev  0x000005dd      0x1af build/mpu6050.o
 .debug_abbrev  0x0000078c      0x299 build/stm32f4xx_hal_i2c.o
 .debug_abbrev  0x00000a25      0x14e build/stm32f4xx_hal_i2c_ex.o
 .debug_abbrev  0x00000b73      0x2ac build/stm32f4xx_hal_rcc.o
 .debug_abbrev  0x00000e1f      0x1c6 build/stm32f4xx_hal_gpio.o
 .debug_abbrev  0x00000fe5      0x1cb build/stm32f4xx_hal_pwr_ex.o
 .debug_abbrev  0x000011b0      0x2f6 build/stm32f4xx_hal_cortex.o
 .debug_abbrev  0x000014a6      0x20f build/stm32f4xx_hal.o
 .debug_abbrev  0x000016b5      0x118 build/system_stm32f4xx.o
 .debug_abbrev  0x000017cd      0x2f6 build/stm32f4xx_hal_uart.o
 .debug_abbrev  0x00001ac3      0x284 build/stm32f4xx_hal_pcd.o
 .debug_abbrev  0x00001d47      0x1ae build/stm32f4xx_hal_pcd_ex.o
 .debug_abbrev  0x00001ef5      0x28e build/stm32f4xx_ll_usb.o
 .debug_abbrev  0x00002183      0x17b build/usb_device.o
 .debug_abbrev  0x000022fe      0x270 build/usbd_cdc_if.o
 .debug_abbrev  0x0000256e      0x30b build/usbd_conf.o
 .debug_abbrev  0x00002879      0x254 build/usbd_core.o
 .debug_abbrev  0x00002acd      0x24d build/usbd_ctlreq.o
 .debug_abbrev  0x00002d1a      0x17b build/usbd_ioreq.o
 .debug_abbrev  0x00002e95      0x29e build/usbd_cdc.o
 .debug_abbrev  0x00003133       0x1d build/startup_stm32f429xx.o

.debug_loc      0x00000000     0x9216
 .debug_loc     0x00000000      0x1b2 build/main.o
 .debug_loc     0x000001b2      0x200 build/stm32f4xx_it.o
 .debug_loc     0x000003b2      0x19c build/stm32f4xx_hal_msp.o
 .debug_loc     0x0000054e       0xf0 build/mpu6050.o
 .debug_loc     0x0000063e     0x1b52 build/stm32f4xx_hal_i2c.o
 .debug_loc     0x00002190       0xb8 build/stm32f4xx_hal_i2c_ex.o
 .debug_loc     0x00002248      0x3d2 build/stm32f4xx_hal_rcc.o
 .debug_loc     0x0000261a      0x2d4 build/stm32f4xx_hal_gpio.o
 .debug_loc     0x000028ee      0x2b8 build/stm32f4xx_hal_pwr_ex.o
 .debug_loc     0x00002ba6      0xa38 build/stm32f4xx_hal_cortex.o
 .debug_loc     0x000035de      0x7a8 build/stm32f4xx_hal.o
 .debug_loc     0x00003d86       0xa0 build/system_stm32f4xx.o
 .debug_loc     0x00003e26     0x14b6 build/stm32f4xx_hal_uart.o
 .debug_loc     0x000052dc      0xcae build/stm32f4xx_hal_pcd.o
 .debug_loc     0x00005f8a      0x170 build/stm32f4xx_hal_pcd_ex.o
 .debug_loc     0x000060fa     0x1190 build/stm32f4xx_ll_usb.o
 .debug_loc     0x0000728a       0x2c build/usb_device.o
 .debug_loc     0x000072b6      0x1c8 build/usbd_cdc_if.o
 .debug_loc     0x0000747e      0x9e0 build/usbd_conf.o
 .debug_loc     0x00007e5e      0x7e0 build/usbd_core.o
 .debug_loc     0x0000863e      0x4c8 build/usbd_ctlreq.o
 .debug_loc     0x00008b06      0x230 build/usbd_ioreq.o
 .debug_loc     0x00008d36      0x4e0 build/usbd_cdc.o

.debug_aranges  0x00000000     0x1090
 .debug_aranges
                0x00000000       0x50 build/main.o
 .debug_aranges
                0x00000050       0x68 build/stm32f4xx_it.o
 .debug_aranges
                0x000000b8       0x40 build/stm32f4xx_hal_msp.o
 .debug_aranges
                0x000000f8       0x30 build/mpu6050.o
 .debug_aranges
                0x00000128      0x2a8 build/stm32f4xx_hal_i2c.o
 .debug_aranges
                0x000003d0       0x28 build/stm32f4xx_hal_i2c_ex.o
 .debug_aranges
                0x000003f8       0x88 build/stm32f4xx_hal_rcc.o
 .debug_aranges
                0x00000480       0x58 build/stm32f4xx_hal_gpio.o
 .debug_aranges
                0x000004d8       0x60 build/stm32f4xx_hal_pwr_ex.o
 .debug_aranges
                0x00000538      0x120 build/stm32f4xx_hal_cortex.o
 .debug_aranges
                0x00000658      0x100 build/stm32f4xx_hal.o
 .debug_aranges
                0x00000758       0x28 build/system_stm32f4xx.o
 .debug_aranges
                0x00000780      0x208 build/stm32f4xx_hal_uart.o
 .debug_aranges
                0x00000988      0x148 build/stm32f4xx_hal_pcd.o
 .debug_aranges
                0x00000ad0       0x38 build/stm32f4xx_hal_pcd_ex.o
 .debug_aranges
                0x00000b08      0x1a0 build/stm32f4xx_ll_usb.o
 .debug_aranges
                0x00000ca8       0x20 build/usb_device.o
 .debug_aranges
                0x00000cc8       0x48 build/usbd_cdc_if.o
 .debug_aranges
                0x00000d10      0x110 build/usbd_conf.o
 .debug_aranges
                0x00000e20       0xd8 build/usbd_core.o
 .debug_aranges
                0x00000ef8       0x90 build/usbd_ctlreq.o
 .debug_aranges
                0x00000f88       0x50 build/usbd_ioreq.o
 .debug_aranges
                0x00000fd8       0x90 build/usbd_cdc.o
 .debug_aranges
                0x00001068       0x28 build/startup_stm32f429xx.o

.debug_ranges   0x00000000      0xf60
 .debug_ranges  0x00000000       0x40 build/main.o
 .debug_ranges  0x00000040       0x58 build/stm32f4xx_it.o
 .debug_ranges  0x00000098       0x30 build/stm32f4xx_hal_msp.o
 .debug_ranges  0x000000c8       0x20 build/mpu6050.o
 .debug_ranges  0x000000e8      0x2b0 build/stm32f4xx_hal_i2c.o
 .debug_ranges  0x00000398       0x18 build/stm32f4xx_hal_i2c_ex.o
 .debug_ranges  0x000003b0       0x78 build/stm32f4xx_hal_rcc.o
 .debug_ranges  0x00000428       0x48 build/stm32f4xx_hal_gpio.o
 .debug_ranges  0x00000470       0x50 build/stm32f4xx_hal_pwr_ex.o
 .debug_ranges  0x000004c0      0x110 build/stm32f4xx_hal_cortex.o
 .debug_ranges  0x000005d0       0xf0 build/stm32f4xx_hal.o
 .debug_ranges  0x000006c0       0x18 build/system_stm32f4xx.o
 .debug_ranges  0x000006d8      0x228 build/stm32f4xx_hal_uart.o
 .debug_ranges  0x00000900      0x138 build/stm32f4xx_hal_pcd.o
 .debug_ranges  0x00000a38       0x28 build/stm32f4xx_hal_pcd_ex.o
 .debug_ranges  0x00000a60      0x190 build/stm32f4xx_ll_usb.o
 .debug_ranges  0x00000bf0       0x10 build/usb_device.o
 .debug_ranges  0x00000c00       0x38 build/usbd_cdc_if.o
 .debug_ranges  0x00000c38      0x100 build/usbd_conf.o
 .debug_ranges  0x00000d38       0xc8 build/usbd_core.o
 .debug_ranges  0x00000e00       0x80 build/usbd_ctlreq.o
 .debug_ranges  0x00000e80       0x40 build/usbd_ioreq.o
 .debug_ranges  0x00000ec0       0x80 build/usbd_cdc.o
 .debug_ranges  0x00000f40       0x20 build/startup_stm32f429xx.o

.debug_macro    0x00000000    0x258e2
 .debug_macro   0x00000000      0x35a build/main.o
 .debug_macro   0x0000035a      0xad2 build/main.o
 .debug_macro   0x00000e2c      0x2a1 build/main.o
 .debug_macro   0x000010cd       0x2e build/main.o
 .debug_macro   0x000010fb       0x28 build/main.o
 .debug_macro   0x00001123       0x22 build/main.o
 .debug_macro   0x00001145       0x8e build/main.o
 .debug_macro   0x000011d3       0x51 build/main.o
 .debug_macro   0x00001224      0x103 build/main.o
 .debug_macro   0x00001327       0x6a build/main.o
 .debug_macro   0x00001391      0x1df build/main.o
 .debug_macro   0x00001570       0x1c build/main.o
 .debug_macro   0x0000158c       0x22 build/main.o
 .debug_macro   0x000015ae       0xfb build/main.o
 .debug_macro   0x000016a9     0x1011 build/main.o
 .debug_macro   0x000026ba      0x11f build/main.o
 .debug_macro   0x000027d9    0x17fd8 build/main.o
 .debug_macro   0x0001a7b1       0x6d build/main.o
 .debug_macro   0x0001a81e     0x3703 build/main.o
 .debug_macro   0x0001df21      0x190 build/main.o
 .debug_macro   0x0001e0b1       0x5c build/main.o
 .debug_macro   0x0001e10d      0xcba build/main.o
 .debug_macro   0x0001edc7      0x9e9 build/main.o
 .debug_macro   0x0001f7b0      0x115 build/main.o
 .debug_macro   0x0001f8c5      0x156 build/main.o
 .debug_macro   0x0001fa1b       0xa5 build/main.o
 .debug_macro   0x0001fac0      0x182 build/main.o
 .debug_macro   0x0001fc42      0x287 build/main.o
 .debug_macro   0x0001fec9       0x5f build/main.o
 .debug_macro   0x0001ff28      0x236 build/main.o
 .debug_macro   0x0002015e      0x132 build/main.o
 .debug_macro   0x00020290      0x41d build/main.o
 .debug_macro   0x000206ad       0x2e build/main.o
 .debug_macro   0x000206db      0x1b5 build/main.o
 .debug_macro   0x00020890       0x22 build/main.o
 .debug_macro   0x000208b2       0xd6 build/main.o
 .debug_macro   0x00020988      0x127 build/main.o
 .debug_macro   0x00020aaf       0xe2 build/main.o
 .debug_macro   0x00020b91       0x89 build/main.o
 .debug_macro   0x00020c1a      0x2aa build/main.o
 .debug_macro   0x00020ec4      0x293 build/main.o
 .debug_macro   0x00021157       0xba build/main.o
 .debug_macro   0x00021211      0x134 build/main.o
 .debug_macro   0x00021345       0x7b build/main.o
 .debug_macro   0x000213c0       0x2a build/main.o
 .debug_macro   0x000213ea       0x3c build/main.o
 .debug_macro   0x00021426       0x34 build/main.o
 .debug_macro   0x0002145a       0x16 build/main.o
 .debug_macro   0x00021470       0x3c build/main.o
 .debug_macro   0x000214ac      0x370 build/main.o
 .debug_macro   0x0002181c       0x10 build/main.o
 .debug_macro   0x0002182c       0x16 build/main.o
 .debug_macro   0x00021842       0x4a build/main.o
 .debug_macro   0x0002188c       0x34 build/main.o
 .debug_macro   0x000218c0       0x10 build/main.o
 .debug_macro   0x000218d0       0x58 build/main.o
 .debug_macro   0x00021928      0x1de build/main.o
 .debug_macro   0x00021b06       0x16 build/main.o
 .debug_macro   0x00021b1c       0x16 build/main.o
 .debug_macro   0x00021b32      0x170 build/main.o
 .debug_macro   0x00021ca2       0x16 build/main.o
 .debug_macro   0x00021cb8       0x16 build/main.o
 .debug_macro   0x00021cce       0x29 build/main.o
 .debug_macro   0x00021cf7       0x16 build/main.o
 .debug_macro   0x00021d0d       0x65 build/main.o
 .debug_macro   0x00021d72      0x20f build/main.o
 .debug_macro   0x00021f81       0x58 build/main.o
 .debug_macro   0x00021fd9      0x20b build/stm32f4xx_it.o
 .debug_macro   0x000221e4      0x201 build/stm32f4xx_hal_msp.o
 .debug_macro   0x000223e5      0x2d9 build/mpu6050.o
 .debug_macro   0x000226be       0x52 build/mpu6050.o
 .debug_macro   0x00022710      0x245 build/stm32f4xx_hal_i2c.o
 .debug_macro   0x00022955      0x1f7 build/stm32f4xx_hal_i2c_ex.o
 .debug_macro   0x00022b4c      0x21b build/stm32f4xx_hal_rcc.o
 .debug_macro   0x00022d67      0x1fd build/stm32f4xx_hal_gpio.o
 .debug_macro   0x00022f64      0x20f build/stm32f4xx_hal_pwr_ex.o
 .debug_macro   0x00023173      0x1f7 build/stm32f4xx_hal_cortex.o
 .debug_macro   0x0002336a      0x257 build/stm32f4xx_hal.o
 .debug_macro   0x000235c1      0x1f7 build/system_stm32f4xx.o
 .debug_macro   0x000237b8      0x1f8 build/stm32f4xx_hal_uart.o
 .debug_macro   0x000239b0      0x203 build/stm32f4xx_hal_pcd.o
 .debug_macro   0x00023bb3      0x1f7 build/stm32f4xx_hal_pcd_ex.o
 .debug_macro   0x00023daa      0x1f7 build/stm32f4xx_ll_usb.o
 .debug_macro   0x00023fa1      0x3a2 build/usb_device.o
 .debug_macro   0x00024343       0x22 build/usb_device.o
 .debug_macro   0x00024365       0x95 build/usb_device.o
 .debug_macro   0x000243fa       0x16 build/usb_device.o
 .debug_macro   0x00024410      0x387 build/usbd_cdc_if.o
 .debug_macro   0x00024797       0x10 build/usbd_cdc_if.o
 .debug_macro   0x000247a7      0x386 build/usbd_conf.o
 .debug_macro   0x00024b2d      0x363 build/usbd_core.o
 .debug_macro   0x00024e90      0x36d build/usbd_ctlreq.o
 .debug_macro   0x000251fd      0x369 build/usbd_ioreq.o
 .debug_macro   0x00025566      0x37c build/usbd_cdc.o

.debug_line     0x00000000    0x13810
 .debug_line    0x00000000      0x8ae build/main.o
 .debug_line    0x000008ae      0x663 build/stm32f4xx_it.o
 .debug_line    0x00000f11      0x64a build/stm32f4xx_hal_msp.o
 .debug_line    0x0000155b      0x714 build/mpu6050.o
 .debug_line    0x00001c6f     0x3940 build/stm32f4xx_hal_i2c.o
 .debug_line    0x000055af      0x617 build/stm32f4xx_hal_i2c_ex.o
 .debug_line    0x00005bc6      0xc83 build/stm32f4xx_hal_rcc.o
 .debug_line    0x00006849      0xa0e build/stm32f4xx_hal_gpio.o
 .debug_line    0x00007257      0x7fb build/stm32f4xx_hal_pwr_ex.o
 .debug_line    0x00007a52      0xb34 build/stm32f4xx_hal_cortex.o
 .debug_line    0x00008586      0x8c4 build/stm32f4xx_hal.o
 .debug_line    0x00008e4a      0x621 build/system_stm32f4xx.o
 .debug_line    0x0000946b     0x239d build/stm32f4xx_hal_uart.o
 .debug_line    0x0000b808     0x12d0 build/stm32f4xx_hal_pcd.o
 .debug_line    0x0000cad8      0x657 build/stm32f4xx_hal_pcd_ex.o
 .debug_line    0x0000d12f     0x1ba9 build/stm32f4xx_ll_usb.o
 .debug_line    0x0000ecd8      0x7af build/usb_device.o
 .debug_line    0x0000f487      0x802 build/usbd_cdc_if.o
 .debug_line    0x0000fc89      0xbb9 build/usbd_conf.o
 .debug_line    0x00010842      0xcd0 build/usbd_core.o
 .debug_line    0x00011512      0xe7e build/usbd_ctlreq.o
 .debug_line    0x00012390      0x7e6 build/usbd_ioreq.o
 .debug_line    0x00012b76      0xc27 build/usbd_cdc.o
 .debug_line    0x0001379d       0x73 build/startup_stm32f429xx.o

.debug_str      0x00000000    0xd7994
 .debug_str     0x00000000    0xd7994 build/main.o
                              0xd3329 (size before relaxing)
 .debug_str     0x000d7994    0xcedb6 build/stm32f4xx_it.o
 .debug_str     0x000d7994    0xcf1cc build/stm32f4xx_hal_msp.o
 .debug_str     0x000d7994    0xd2235 build/mpu6050.o
 .debug_str     0x000d7994    0xcfad0 build/stm32f4xx_hal_i2c.o
 .debug_str     0x000d7994    0xcee8f build/stm32f4xx_hal_i2c_ex.o
 .debug_str     0x000d7994    0xceef4 build/stm32f4xx_hal_rcc.o
 .debug_str     0x000d7994    0xcec3b build/stm32f4xx_hal_gpio.o
 .debug_str     0x000d7994    0xcec98 build/stm32f4xx_hal_pwr_ex.o
 .debug_str     0x000d7994    0xcf3df build/stm32f4xx_hal_cortex.o
 .debug_str     0x000d7994    0xcf6e3 build/stm32f4xx_hal.o
 .debug_str     0x000d7994    0xceac0 build/system_stm32f4xx.o
 .debug_str     0x000d7994    0xcf4c2 build/stm32f4xx_hal_uart.o
 .debug_str     0x000d7994    0xcf58b build/stm32f4xx_hal_pcd.o
 .debug_str     0x000d7994    0xcee7b build/stm32f4xx_hal_pcd_ex.o
 .debug_str     0x000d7994    0xcf466 build/stm32f4xx_ll_usb.o
 .debug_str     0x000d7994    0xd2f13 build/usb_device.o
 .debug_str     0x000d7994    0xd2f53 build/usbd_cdc_if.o
 .debug_str     0x000d7994    0xd3dcc build/usbd_conf.o
 .debug_str     0x000d7994    0xd2e60 build/usbd_core.o
 .debug_str     0x000d7994    0xd2c8b build/usbd_ctlreq.o
 .debug_str     0x000d7994    0xd2b60 build/usbd_ioreq.o
 .debug_str     0x000d7994    0xd3507 build/usbd_cdc.o
 .debug_str     0x000d7994       0x5b build/startup_stm32f429xx.o

.comment        0x00000000       0x44
 .comment       0x00000000       0x44 build/main.o
                                 0x45 (size before relaxing)
 .comment       0x00000044       0x45 build/stm32f4xx_it.o
 .comment       0x00000044       0x45 build/stm32f4xx_hal_msp.o
 .comment       0x00000044       0x45 build/mpu6050.o
 .comment       0x00000044       0x45 build/stm32f4xx_hal_i2c.o
 .comment       0x00000044       0x45 build/stm32f4xx_hal_i2c_ex.o
 .comment       0x00000044       0x45 build/stm32f4xx_hal_rcc.o
 .comment       0x00000044       0x45 build/stm32f4xx_hal_gpio.o
 .comment       0x00000044       0x45 build/stm32f4xx_hal_pwr_ex.o
 .comment       0x00000044       0x45 build/stm32f4xx_hal_cortex.o
 .comment       0x00000044       0x45 build/stm32f4xx_hal.o
 .comment       0x00000044       0x45 build/system_stm32f4xx.o
 .comment       0x00000044       0x45 build/stm32f4xx_hal_uart.o
 .comment       0x00000044       0x45 build/stm32f4xx_hal_pcd.o
 .comment       0x00000044       0x45 build/stm32f4xx_hal_pcd_ex.o
 .comment       0x00000044       0x45 build/stm32f4xx_ll_usb.o
 .comment       0x00000044       0x45 build/usb_device.o
 .comment       0x00000044       0x45 build/usbd_cdc_if.o
 .comment       0x00000044       0x45 build/usbd_conf.o
 .comment       0x00000044       0x45 build/usbd_core.o
 .comment       0x00000044       0x45 build/usbd_ctlreq.o
 .comment       0x00000044       0x45 build/usbd_ioreq.o
 .comment       0x00000044       0x45 build/usbd_cdc.o

.debug_frame    0x00000000     0x4a9c
 .debug_frame   0x00000000       0xf0 build/main.o
 .debug_frame   0x000000f0      0x120 build/stm32f4xx_it.o
 .debug_frame   0x00000210       0xc8 build/stm32f4xx_hal_msp.o
 .debug_frame   0x000002d8       0x84 build/mpu6050.o
 .debug_frame   0x0000035c      0xc84 build/stm32f4xx_hal_i2c.o
 .debug_frame   0x00000fe0       0x60 build/stm32f4xx_hal_i2c_ex.o
 .debug_frame   0x00001040      0x1f4 build/stm32f4xx_hal_rcc.o
 .debug_frame   0x00001234      0x14c build/stm32f4xx_hal_gpio.o
 .debug_frame   0x00001380      0x14c build/stm32f4xx_hal_pwr_ex.o
 .debug_frame   0x000014cc      0x4b8 build/stm32f4xx_hal_cortex.o
 .debug_frame   0x00001984      0x3b4 build/stm32f4xx_hal.o
 .debug_frame   0x00001d38       0x58 build/system_stm32f4xx.o
 .debug_frame   0x00001d90      0x954 build/stm32f4xx_hal_uart.o
 .debug_frame   0x000026e4      0x5b8 build/stm32f4xx_hal_pcd.o
 .debug_frame   0x00002c9c       0xb0 build/stm32f4xx_hal_pcd_ex.o
 .debug_frame   0x00002d4c      0x7c0 build/stm32f4xx_ll_usb.o
 .debug_frame   0x0000350c       0x2c build/usb_device.o
 .debug_frame   0x00003538       0xe4 build/usbd_cdc_if.o
 .debug_frame   0x0000361c      0x47c build/usbd_conf.o
 .debug_frame   0x00003a98      0x390 build/usbd_core.o
 .debug_frame   0x00003e28      0x23c build/usbd_ctlreq.o
 .debug_frame   0x00004064      0x10c build/usbd_ioreq.o
 .debug_frame   0x00004170      0x23c build/usbd_cdc.o
 .debug_frame   0x000043ac      0x144 C:/Program Files (x86)/Arm GNU Toolchain arm-none-eabi/13.2 Rel1/bin/../lib/gcc/arm-none-eabi/13.2.1/thumb/v7e-m+fp/hard\libc_nano.a(libc_a-findfp.o)
 .debug_frame   0x000044f0       0x7c C:/Program Files (x86)/Arm GNU Toolchain arm-none-eabi/13.2 Rel1/bin/../lib/gcc/arm-none-eabi/13.2.1/thumb/v7e-m+fp/hard\libc_nano.a(libc_a-snprintf.o)
 .debug_frame   0x0000456c       0x20 C:/Program Files (x86)/Arm GNU Toolchain arm-none-eabi/13.2 Rel1/bin/../lib/gcc/arm-none-eabi/13.2.1/thumb/v7e-m+fp/hard\libc_nano.a(libc_a-memset.o)
 .debug_frame   0x0000458c       0x38 C:/Program Files (x86)/Arm GNU Toolchain arm-none-eabi/13.2 Rel1/bin/../lib/gcc/arm-none-eabi/13.2.1/thumb/v7e-m+fp/hard\libc_nano.a(libc_a-reent.o)
 .debug_frame   0x000045c4       0x2c C:/Program Files (x86)/Arm GNU Toolchain arm-none-eabi/13.2 Rel1/bin/../lib/gcc/arm-none-eabi/13.2.1/thumb/v7e-m+fp/hard\libc_nano.a(libc_a-init.o)
 .debug_frame   0x000045f0       0xb0 C:/Program Files (x86)/Arm GNU Toolchain arm-none-eabi/13.2 Rel1/bin/../lib/gcc/arm-none-eabi/13.2.1/thumb/v7e-m+fp/hard\libc_nano.a(libc_a-lock.o)
 .debug_frame   0x000046a0       0x28 C:/Program Files (x86)/Arm GNU Toolchain arm-none-eabi/13.2 Rel1/bin/../lib/gcc/arm-none-eabi/13.2.1/thumb/v7e-m+fp/hard\libc_nano.a(libc_a-memcpy-stub.o)
 .debug_frame   0x000046c8       0x38 C:/Program Files (x86)/Arm GNU Toolchain arm-none-eabi/13.2 Rel1/bin/../lib/gcc/arm-none-eabi/13.2.1/thumb/v7e-m+fp/hard\libc_nano.a(libc_a-freer.o)
 .debug_frame   0x00004700       0x50 C:/Program Files (x86)/Arm GNU Toolchain arm-none-eabi/13.2 Rel1/bin/../lib/gcc/arm-none-eabi/13.2.1/thumb/v7e-m+fp/hard\libc_nano.a(libc_a-mallocr.o)
 .debug_frame   0x00004750       0x30 C:/Program Files (x86)/Arm GNU Toolchain arm-none-eabi/13.2 Rel1/bin/../lib/gcc/arm-none-eabi/13.2.1/thumb/v7e-m+fp/hard\libc_nano.a(libc_a-mlock.o)
 .debug_frame   0x00004780       0x90 C:/Program Files (x86)/Arm GNU Toolchain arm-none-eabi/13.2 Rel1/bin/../lib/gcc/arm-none-eabi/13.2.1/thumb/v7e-m+fp/hard\libc_nano.a(libc_a-nano-svfprintf.o)
 .debug_frame   0x00004810       0x60 C:/Program Files (x86)/Arm GNU Toolchain arm-none-eabi/13.2 Rel1/bin/../lib/gcc/arm-none-eabi/13.2.1/thumb/v7e-m+fp/hard\libc_nano.a(libc_a-nano-vfprintf_i.o)
 .debug_frame   0x00004870       0x28 C:/Program Files (x86)/Arm GNU Toolchain arm-none-eabi/13.2 Rel1/bin/../lib/gcc/arm-none-eabi/13.2.1/thumb/v7e-m+fp/hard\libc_nano.a(libc_a-memmove.o)
 .debug_frame   0x00004898       0x2c C:/Program Files (x86)/Arm GNU Toolchain arm-none-eabi/13.2 Rel1/bin/../lib/gcc/arm-none-eabi/13.2.1/thumb/v7e-m+fp/hard\libc_nano.a(libc_a-sbrkr.o)
 .debug_frame   0x000048c4       0x3c C:/Program Files (x86)/Arm GNU Toolchain arm-none-eabi/13.2 Rel1/bin/../lib/gcc/arm-none-eabi/13.2.1/thumb/v7e-m+fp/hard\libc_nano.a(libc_a-reallocr.o)
 .debug_frame   0x00004900       0x20 C:/Program Files (x86)/Arm GNU Toolchain arm-none-eabi/13.2 Rel1/bin/../lib/gcc/arm-none-eabi/13.2.1/thumb/v7e-m+fp/hard\libc_nano.a(libc_a-msizer.o)
 .debug_frame   0x00004920       0x20 C:/Program Files (x86)/Arm GNU Toolchain arm-none-eabi/13.2 Rel1/bin/../lib/gcc/arm-none-eabi/13.2.1/thumb/v7e-m+fp/hard\libnosys.a(sbrk.o)
 .debug_frame   0x00004940       0xac C:/Program Files (x86)/Arm GNU Toolchain arm-none-eabi/13.2 Rel1/bin/../lib/gcc/arm-none-eabi/13.2.1/thumb/v7e-m+fp/hard\libgcc.a(_arm_addsubdf3.o)
 .debug_frame   0x000049ec       0x50 C:/Program Files (x86)/Arm GNU Toolchain arm-none-eabi/13.2 Rel1/bin/../lib/gcc/arm-none-eabi/13.2.1/thumb/v7e-m+fp/hard\libgcc.a(_arm_muldivdf3.o)
 .debug_frame   0x00004a3c       0x2c C:/Program Files (x86)/Arm GNU Toolchain arm-none-eabi/13.2 Rel1/bin/../lib/gcc/arm-none-eabi/13.2.1/thumb/v7e-m+fp/hard\libgcc.a(_aeabi_uldivmod.o)
 .debug_frame   0x00004a68       0x34 C:/Program Files (x86)/Arm GNU Toolchain arm-none-eabi/13.2 Rel1/bin/../lib/gcc/arm-none-eabi/13.2.1/thumb/v7e-m+fp/hard\libgcc.a(_udivmoddi4.o)

.debug_line_str
                0x00000000      0x1c3
 .debug_line_str
                0x00000000      0x1c3 C:/Program Files (x86)/Arm GNU Toolchain arm-none-eabi/13.2 Rel1/bin/../lib/gcc/arm-none-eabi/13.2.1/thumb/v7e-m+fp/hard\libc_nano.a(libc_a-memchr.o)
                                 0xe1 (size before relaxing)
 .debug_line_str
                0x000001c3       0xce C:/Program Files (x86)/Arm GNU Toolchain arm-none-eabi/13.2 Rel1/bin/../lib/gcc/arm-none-eabi/13.2.1/thumb/v7e-m+fp/hard\libgcc.a(_arm_addsubdf3.o)
 .debug_line_str
                0x000001c3       0xce C:/Program Files (x86)/Arm GNU Toolchain arm-none-eabi/13.2 Rel1/bin/../lib/gcc/arm-none-eabi/13.2.1/thumb/v7e-m+fp/hard\libgcc.a(_arm_muldivdf3.o)
 .debug_line_str
                0x000001c3       0xc9 C:/Program Files (x86)/Arm GNU Toolchain arm-none-eabi/13.2 Rel1/bin/../lib/gcc/arm-none-eabi/13.2.1/thumb/v7e-m+fp/hard\libgcc.a(_aeabi_uldivmod.o)
 .debug_line_str
                0x000001c3       0xcd C:/Program Files (x86)/Arm GNU Toolchain arm-none-eabi/13.2 Rel1/bin/../lib/gcc/arm-none-eabi/13.2.1/thumb/v7e-m+fp/hard\libgcc.a(_dvmd_tls.o)

Cross Reference Table

Symbol                                            File
ADC_IRQHandler                                    build/startup_stm32f429xx.o
AHBPrescTable                                     build/system_stm32f4xx.o
                                                  build/stm32f4xx_hal_rcc.o
APBPrescTable                                     build/system_stm32f4xx.o
                                                  build/stm32f4xx_hal_rcc.o
BusFault_Handler                                  build/stm32f4xx_it.o
CAN1_RX0_IRQHandler                               build/startup_stm32f429xx.o
CAN1_RX1_IRQHandler                               build/startup_stm32f429xx.o
CAN1_SCE_IRQHandler                               build/startup_stm32f429xx.o
CAN1_TX_IRQHandler                                build/startup_stm32f429xx.o
CAN2_RX0_IRQHandler                               build/startup_stm32f429xx.o
CAN2_RX1_IRQHandler                               build/startup_stm32f429xx.o
CAN2_SCE_IRQHandler                               build/startup_stm32f429xx.o
CAN2_TX_IRQHandler                                build/startup_stm32f429xx.o
CDC_Transmit_HS                                   build/usbd_cdc_if.o
                                                  build/main.o
DCMI_IRQHandler                                   build/startup_stm32f429xx.o
DMA1_Stream0_IRQHandler                           build/startup_stm32f429xx.o
DMA1_Stream1_IRQHandler                           build/startup_stm32f429xx.o
DMA1_Stream2_IRQHandler                           build/startup_stm32f429xx.o
DMA1_Stream3_IRQHandler                           build/startup_stm32f429xx.o
DMA1_Stream4_IRQHandler                           build/startup_stm32f429xx.o
DMA1_Stream5_IRQHandler                           build/startup_stm32f429xx.o
DMA1_Stream6_IRQHandler                           build/startup_stm32f429xx.o
DMA1_Stream7_IRQHandler                           build/startup_stm32f429xx.o
DMA2D_IRQHandler                                  build/startup_stm32f429xx.o
DMA2_Stream0_IRQHandler                           build/startup_stm32f429xx.o
DMA2_Stream1_IRQHandler                           build/startup_stm32f429xx.o
DMA2_Stream2_IRQHandler                           build/startup_stm32f429xx.o
DMA2_Stream3_IRQHandler                           build/startup_stm32f429xx.o
DMA2_Stream4_IRQHandler                           build/startup_stm32f429xx.o
DMA2_Stream5_IRQHandler                           build/startup_stm32f429xx.o
DMA2_Stream6_IRQHandler                           build/startup_stm32f429xx.o
DMA2_Stream7_IRQHandler                           build/startup_stm32f429xx.o
DebugMon_Handler                                  build/stm32f4xx_it.o
Default_Handler                                   build/startup_stm32f429xx.o
ETH_IRQHandler                                    build/startup_stm32f429xx.o
ETH_WKUP_IRQHandler                               build/startup_stm32f429xx.o
EXTI0_IRQHandler                                  build/startup_stm32f429xx.o
EXTI15_10_IRQHandler                              build/startup_stm32f429xx.o
EXTI1_IRQHandler                                  build/startup_stm32f429xx.o
EXTI2_IRQHandler                                  build/startup_stm32f429xx.o
EXTI3_IRQHandler                                  build/startup_stm32f429xx.o
EXTI4_IRQHandler                                  build/startup_stm32f429xx.o
EXTI9_5_IRQHandler                                build/startup_stm32f429xx.o
Error_Handler                                     build/main.o
                                                  build/usbd_conf.o
                                                  build/usb_device.o
FLASH_Erase_Sector                                build/stm32f4xx_hal_flash_ex.o
                                                  build/stm32f4xx_hal_flash.o
FLASH_FlushCaches                                 build/stm32f4xx_hal_flash_ex.o
                                                  build/stm32f4xx_hal_flash.o
FLASH_IRQHandler                                  build/startup_stm32f429xx.o
FLASH_WaitForLastOperation                        build/stm32f4xx_hal_flash.o
                                                  build/stm32f4xx_hal_flash_ex.o
FMC_IRQHandler                                    build/startup_stm32f429xx.o
FPU_IRQHandler                                    build/startup_stm32f429xx.o
HAL_CORTEX_ClearEvent                             build/stm32f4xx_hal_cortex.o
HAL_DBGMCU_DisableDBGSleepMode                    build/stm32f4xx_hal.o
HAL_DBGMCU_DisableDBGStandbyMode                  build/stm32f4xx_hal.o
HAL_DBGMCU_DisableDBGStopMode                     build/stm32f4xx_hal.o
HAL_DBGMCU_EnableDBGSleepMode                     build/stm32f4xx_hal.o
HAL_DBGMCU_EnableDBGStandbyMode                   build/stm32f4xx_hal.o
HAL_DBGMCU_EnableDBGStopMode                      build/stm32f4xx_hal.o
HAL_DMAEx_ChangeMemory                            build/stm32f4xx_hal_dma_ex.o
HAL_DMAEx_MultiBufferStart                        build/stm32f4xx_hal_dma_ex.o
HAL_DMAEx_MultiBufferStart_IT                     build/stm32f4xx_hal_dma_ex.o
HAL_DMA_Abort                                     build/stm32f4xx_hal_dma.o
                                                  build/stm32f4xx_hal_uart.o
HAL_DMA_Abort_IT                                  build/stm32f4xx_hal_dma.o
                                                  build/stm32f4xx_hal_uart.o
                                                  build/stm32f4xx_hal_i2c.o
HAL_DMA_DeInit                                    build/stm32f4xx_hal_dma.o
HAL_DMA_GetError                                  build/stm32f4xx_hal_dma.o
                                                  build/stm32f4xx_hal_uart.o
                                                  build/stm32f4xx_hal_i2c.o
HAL_DMA_GetState                                  build/stm32f4xx_hal_dma.o
                                                  build/stm32f4xx_hal_i2c.o
HAL_DMA_IRQHandler                                build/stm32f4xx_hal_dma.o
HAL_DMA_Init                                      build/stm32f4xx_hal_dma.o
HAL_DMA_PollForTransfer                           build/stm32f4xx_hal_dma.o
HAL_DMA_RegisterCallback                          build/stm32f4xx_hal_dma.o
HAL_DMA_Start                                     build/stm32f4xx_hal_dma.o
HAL_DMA_Start_IT                                  build/stm32f4xx_hal_dma.o
                                                  build/stm32f4xx_hal_uart.o
                                                  build/stm32f4xx_hal_i2c.o
HAL_DMA_UnRegisterCallback                        build/stm32f4xx_hal_dma.o
HAL_DeInit                                        build/stm32f4xx_hal.o
HAL_Delay                                         build/stm32f4xx_hal.o
                                                  build/usbd_conf.o
                                                  build/stm32f4xx_ll_usb.o
                                                  build/main.o
HAL_DisableCompensationCell                       build/stm32f4xx_hal.o
HAL_DisableMemorySwappingBank                     build/stm32f4xx_hal.o
HAL_EXTI_ClearConfigLine                          build/stm32f4xx_hal_exti.o
HAL_EXTI_ClearPending                             build/stm32f4xx_hal_exti.o
HAL_EXTI_GenerateSWI                              build/stm32f4xx_hal_exti.o
HAL_EXTI_GetConfigLine                            build/stm32f4xx_hal_exti.o
HAL_EXTI_GetHandle                                build/stm32f4xx_hal_exti.o
HAL_EXTI_GetPending                               build/stm32f4xx_hal_exti.o
HAL_EXTI_IRQHandler                               build/stm32f4xx_hal_exti.o
HAL_EXTI_RegisterCallback                         build/stm32f4xx_hal_exti.o
HAL_EXTI_SetConfigLine                            build/stm32f4xx_hal_exti.o
HAL_EnableCompensationCell                        build/stm32f4xx_hal.o
HAL_EnableMemorySwappingBank                      build/stm32f4xx_hal.o
HAL_FLASHEx_AdvOBGetConfig                        build/stm32f4xx_hal_flash_ex.o
HAL_FLASHEx_AdvOBProgram                          build/stm32f4xx_hal_flash_ex.o
HAL_FLASHEx_Erase                                 build/stm32f4xx_hal_flash_ex.o
HAL_FLASHEx_Erase_IT                              build/stm32f4xx_hal_flash_ex.o
HAL_FLASHEx_OBGetConfig                           build/stm32f4xx_hal_flash_ex.o
HAL_FLASHEx_OBProgram                             build/stm32f4xx_hal_flash_ex.o
HAL_FLASHEx_OB_DeSelectPCROP                      build/stm32f4xx_hal_flash_ex.o
HAL_FLASHEx_OB_GetBank2WRP                        build/stm32f4xx_hal_flash_ex.o
HAL_FLASHEx_OB_SelectPCROP                        build/stm32f4xx_hal_flash_ex.o
HAL_FLASH_EndOfOperationCallback                  build/stm32f4xx_hal_flash.o
HAL_FLASH_GetError                                build/stm32f4xx_hal_flash.o
HAL_FLASH_IRQHandler                              build/stm32f4xx_hal_flash.o
HAL_FLASH_Lock                                    build/stm32f4xx_hal_flash.o
HAL_FLASH_OB_Launch                               build/stm32f4xx_hal_flash.o
HAL_FLASH_OB_Lock                                 build/stm32f4xx_hal_flash.o
HAL_FLASH_OB_Unlock                               build/stm32f4xx_hal_flash.o
HAL_FLASH_OperationErrorCallback                  build/stm32f4xx_hal_flash.o
HAL_FLASH_Program                                 build/stm32f4xx_hal_flash.o
HAL_FLASH_Program_IT                              build/stm32f4xx_hal_flash.o
HAL_FLASH_Unlock                                  build/stm32f4xx_hal_flash.o
HAL_GPIO_DeInit                                   build/stm32f4xx_hal_gpio.o
                                                  build/usbd_conf.o
                                                  build/stm32f4xx_hal_msp.o
HAL_GPIO_EXTI_Callback                            build/stm32f4xx_hal_gpio.o
HAL_GPIO_EXTI_IRQHandler                          build/stm32f4xx_hal_gpio.o
HAL_GPIO_Init                                     build/stm32f4xx_hal_gpio.o
                                                  build/usbd_conf.o
                                                  build/stm32f4xx_hal_rcc.o
                                                  build/stm32f4xx_hal_msp.o
                                                  build/main.o
HAL_GPIO_LockPin                                  build/stm32f4xx_hal_gpio.o
HAL_GPIO_ReadPin                                  build/stm32f4xx_hal_gpio.o
HAL_GPIO_TogglePin                                build/stm32f4xx_hal_gpio.o
HAL_GPIO_WritePin                                 build/stm32f4xx_hal_gpio.o
                                                  build/main.o
HAL_GetDEVID                                      build/stm32f4xx_hal.o
HAL_GetHalVersion                                 build/stm32f4xx_hal.o
HAL_GetREVID                                      build/stm32f4xx_hal.o
HAL_GetTick                                       build/stm32f4xx_hal.o
                                                  build/stm32f4xx_hal_uart.o
                                                  build/stm32f4xx_hal_pwr_ex.o
                                                  build/stm32f4xx_hal_dma.o
                                                  build/stm32f4xx_hal_flash.o
                                                  build/stm32f4xx_hal_rcc_ex.o
                                                  build/stm32f4xx_hal_rcc.o
                                                  build/stm32f4xx_hal_i2c.o
HAL_GetTickFreq                                   build/stm32f4xx_hal.o
HAL_GetTickPrio                                   build/stm32f4xx_hal.o
HAL_GetUIDw0                                      build/stm32f4xx_hal.o
HAL_GetUIDw1                                      build/stm32f4xx_hal.o
HAL_GetUIDw2                                      build/stm32f4xx_hal.o
HAL_HalfDuplex_EnableReceiver                     build/stm32f4xx_hal_uart.o
HAL_HalfDuplex_EnableTransmitter                  build/stm32f4xx_hal_uart.o
HAL_HalfDuplex_Init                               build/stm32f4xx_hal_uart.o
HAL_I2CEx_ConfigAnalogFilter                      build/stm32f4xx_hal_i2c_ex.o
                                                  build/main.o
HAL_I2CEx_ConfigDigitalFilter                     build/stm32f4xx_hal_i2c_ex.o
                                                  build/main.o
HAL_I2C_AbortCpltCallback                         build/stm32f4xx_hal_i2c.o
HAL_I2C_AddrCallback                              build/stm32f4xx_hal_i2c.o
HAL_I2C_DeInit                                    build/stm32f4xx_hal_i2c.o
HAL_I2C_DisableListen_IT                          build/stm32f4xx_hal_i2c.o
HAL_I2C_ER_IRQHandler                             build/stm32f4xx_hal_i2c.o
HAL_I2C_EV_IRQHandler                             build/stm32f4xx_hal_i2c.o
HAL_I2C_EnableListen_IT                           build/stm32f4xx_hal_i2c.o